Archive member included to satisfy reference by file (symbol)

/opt/gcc-arm-none-eabi-10.3-2021.10/bin/../lib/gcc/arm-none-eabi/10.3.1/thumb/v6-m/nofp/libgcc.a(_dvmd_tls.o)
                              CMakeFiles/cube_robot.dir/home/wang/pico2/pico-sdk/src/rp2_common/pico_divider/divider.S.obj (__aeabi_idiv0)
/opt/gcc-arm-none-eabi-10.3-2021.10/bin/../lib/gcc/arm-none-eabi/10.3.1/../../../../arm-none-eabi/lib/thumb/v6-m/nofp/libc.a(lib_a-calloc.o)
                              CMakeFiles/cube_robot.dir/home/wang/pico2/pico-sdk/src/rp2_common/pico_malloc/pico_malloc.c.obj (calloc)
/opt/gcc-arm-none-eabi-10.3-2021.10/bin/../lib/gcc/arm-none-eabi/10.3.1/../../../../arm-none-eabi/lib/thumb/v6-m/nofp/libc.a(lib_a-callocr.o)
                              /opt/gcc-arm-none-eabi-10.3-2021.10/bin/../lib/gcc/arm-none-eabi/10.3.1/../../../../arm-none-eabi/lib/thumb/v6-m/nofp/libc.a(lib_a-calloc.o) (_calloc_r)
/opt/gcc-arm-none-eabi-10.3-2021.10/bin/../lib/gcc/arm-none-eabi/10.3.1/../../../../arm-none-eabi/lib/thumb/v6-m/nofp/libc.a(lib_a-errno.o)
                              /opt/gcc-arm-none-eabi-10.3-2021.10/bin/../lib/gcc/arm-none-eabi/10.3.1/../../../../arm-none-eabi/lib/thumb/v6-m/nofp/libc.a(lib_a-callocr.o) (__errno)
/opt/gcc-arm-none-eabi-10.3-2021.10/bin/../lib/gcc/arm-none-eabi/10.3.1/../../../../arm-none-eabi/lib/thumb/v6-m/nofp/libc.a(lib_a-impure.o)
                              /opt/gcc-arm-none-eabi-10.3-2021.10/bin/../lib/gcc/arm-none-eabi/10.3.1/../../../../arm-none-eabi/lib/thumb/v6-m/nofp/libc.a(lib_a-calloc.o) (_impure_ptr)
/opt/gcc-arm-none-eabi-10.3-2021.10/bin/../lib/gcc/arm-none-eabi/10.3.1/../../../../arm-none-eabi/lib/thumb/v6-m/nofp/libc.a(lib_a-init.o)
                              /opt/gcc-arm-none-eabi-10.3-2021.10/bin/../lib/gcc/arm-none-eabi/10.3.1/../../../../arm-none-eabi/lib/thumb/v6-m/nofp/crt0.o (__libc_init_array)
/opt/gcc-arm-none-eabi-10.3-2021.10/bin/../lib/gcc/arm-none-eabi/10.3.1/../../../../arm-none-eabi/lib/thumb/v6-m/nofp/libc.a(lib_a-malloc.o)
                              CMakeFiles/cube_robot.dir/home/wang/pico2/pico-sdk/src/rp2_common/pico_malloc/pico_malloc.c.obj (malloc)
/opt/gcc-arm-none-eabi-10.3-2021.10/bin/../lib/gcc/arm-none-eabi/10.3.1/../../../../arm-none-eabi/lib/thumb/v6-m/nofp/libc.a(lib_a-mallocr.o)
                              /opt/gcc-arm-none-eabi-10.3-2021.10/bin/../lib/gcc/arm-none-eabi/10.3.1/../../../../arm-none-eabi/lib/thumb/v6-m/nofp/libc.a(lib_a-callocr.o) (_malloc_r)
/opt/gcc-arm-none-eabi-10.3-2021.10/bin/../lib/gcc/arm-none-eabi/10.3.1/../../../../arm-none-eabi/lib/thumb/v6-m/nofp/libc.a(lib_a-mlock.o)
                              /opt/gcc-arm-none-eabi-10.3-2021.10/bin/../lib/gcc/arm-none-eabi/10.3.1/../../../../arm-none-eabi/lib/thumb/v6-m/nofp/libc.a(lib_a-mallocr.o) (__malloc_lock)
/opt/gcc-arm-none-eabi-10.3-2021.10/bin/../lib/gcc/arm-none-eabi/10.3.1/../../../../arm-none-eabi/lib/thumb/v6-m/nofp/libc.a(lib_a-realloc.o)
                              CMakeFiles/cube_robot.dir/home/wang/pico2/pico-sdk/src/rp2_common/pico_malloc/pico_malloc.c.obj (realloc)
/opt/gcc-arm-none-eabi-10.3-2021.10/bin/../lib/gcc/arm-none-eabi/10.3.1/../../../../arm-none-eabi/lib/thumb/v6-m/nofp/libc.a(lib_a-reallocr.o)
                              /opt/gcc-arm-none-eabi-10.3-2021.10/bin/../lib/gcc/arm-none-eabi/10.3.1/../../../../arm-none-eabi/lib/thumb/v6-m/nofp/libc.a(lib_a-realloc.o) (_realloc_r)
/opt/gcc-arm-none-eabi-10.3-2021.10/bin/../lib/gcc/arm-none-eabi/10.3.1/../../../../arm-none-eabi/lib/thumb/v6-m/nofp/libc.a(lib_a-sbrkr.o)
                              /opt/gcc-arm-none-eabi-10.3-2021.10/bin/../lib/gcc/arm-none-eabi/10.3.1/../../../../arm-none-eabi/lib/thumb/v6-m/nofp/libc.a(lib_a-mallocr.o) (_sbrk_r)
/opt/gcc-arm-none-eabi-10.3-2021.10/bin/../lib/gcc/arm-none-eabi/10.3.1/../../../../arm-none-eabi/lib/thumb/v6-m/nofp/libc.a(lib_a-strcmp.o)
                              CMakeFiles/cube_robot.dir/OLED.c.obj (strcmp)
/opt/gcc-arm-none-eabi-10.3-2021.10/bin/../lib/gcc/arm-none-eabi/10.3.1/../../../../arm-none-eabi/lib/thumb/v6-m/nofp/libc.a(lib_a-strlen-stub.o)
                              CMakeFiles/cube_robot.dir/home/wang/pico2/pico-sdk/src/rp2_common/pico_stdio/stdio.c.obj (strlen)
/opt/gcc-arm-none-eabi-10.3-2021.10/bin/../lib/gcc/arm-none-eabi/10.3.1/../../../../arm-none-eabi/lib/thumb/v6-m/nofp/libc.a(lib_a-vsprintf.o)
                              CMakeFiles/cube_robot.dir/OLED.c.obj (vsprintf)
/opt/gcc-arm-none-eabi-10.3-2021.10/bin/../lib/gcc/arm-none-eabi/10.3.1/../../../../arm-none-eabi/lib/thumb/v6-m/nofp/libc.a(lib_a-freer.o)
                              /opt/gcc-arm-none-eabi-10.3-2021.10/bin/../lib/gcc/arm-none-eabi/10.3.1/../../../../arm-none-eabi/lib/thumb/v6-m/nofp/libc.a(lib_a-malloc.o) (_free_r)
/opt/gcc-arm-none-eabi-10.3-2021.10/bin/../lib/gcc/arm-none-eabi/10.3.1/../../../../arm-none-eabi/lib/thumb/v6-m/nofp/libc.a(lib_a-lock.o)
[...]
Memory Configuration

Name             Origin             Length             Attributes
FLASH            0x0000000010000000 0x0000000000200000 xr
RAM              0x0000000020000000 0x0000000000040000 xrw
SCRATCH_X        0x0000000020040000 0x0000000000001000 xrw
SCRATCH_Y        0x0000000020041000 0x0000000000001000 xrw
*default*        0x0000000000000000 0xffffffffffffffff

Linker script and memory map

LOAD /opt/gcc-arm-none-eabi-10.3-2021.10/bin/../lib/gcc/arm-none-eabi/10.3.1/thumb/v6-m/nofp/crti.o
LOAD /opt/gcc-arm-none-eabi-10.3-2021.10/bin/../lib/gcc/arm-none-eabi/10.3.1/thumb/v6-m/nofp/crtbegin.o
LOAD /opt/gcc-arm-none-eabi-10.3-2021.10/bin/../lib/gcc/arm-none-eabi/10.3.1/../../../../arm-none-eabi/lib/thumb/v6-m/nofp/crt0.o

.flash_begin    0x0000000010000000        0x0
                0x0000000010000000                __flash_binary_start = .

.boot2          0x0000000010000000      0x100
                0x0000000010000000                __boot2_start__ = .
 *(.boot2)
 .boot2         0x0000000010000000      0x100 /tmp/ccOLAkFo.o
                0x0000000010000100                __boot2_end__ = .
                0x0000000000000001                ASSERT (((__boot2_end__ - __boot2_start__) == 0x100), ERROR: Pico second stage bootloader must be 256 bytes in size)

.text           0x0000000010000100     0xf8b8
                0x0000000010000100                __logical_binary_start = .
 *(.vectors)
 .vectors       0x0000000010000100       0xd4 CMakeFiles/cube_robot.dir/home/wang/pico2/pico-sdk/src/rp2_common/pico_standard_link/crt0.S.obj
                0x0000000010000100                __vectors
                0x0000000010000100                __VECTOR_TABLE
                0x00000000100001c0                isr_invalid
                0x00000000100001c0                __default_isrs_start
                0x00000000100001c2                isr_nmi
                0x00000000100001c4                isr_hardfault
                0x00000000100001c6                isr_svcall
                0x00000000100001c8                isr_pendsv
                0x00000000100001ca                isr_systick
                0x00000000100001cc                isr_irq30
                0x00000000100001cc                __unhandled_user_irq
                0x00000000100001cc                isr_irq13
                0x00000000100001cc                isr_irq27
                0x00000000100001cc                isr_irq31
                0x00000000100001cc                isr_irq5
                0x00000000100001cc                isr_irq11
                0x00000000100001cc                isr_irq23
                0x00000000100001cc                isr_irq18
                0x00000000100001cc                isr_irq28
                0x00000000100001cc                isr_irq19
                0x00000000100001cc                isr_irq0
                0x00000000100001cc                isr_irq6
                0x00000000100001cc                isr_irq22
                0x00000000100001cc                isr_irq17
                0x00000000100001cc                isr_irq14
                0x00000000100001cc                isr_irq2
                0x00000000100001cc                isr_irq10
                0x00000000100001cc                isr_irq8
                0x00000000100001cc                isr_irq24
                0x00000000100001cc                isr_irq1
                0x00000000100001cc                isr_irq7
                0x00000000100001cc                isr_irq21
                0x00000000100001cc                isr_irq20
                0x00000000100001cc                isr_irq15
                0x00000000100001cc                isr_irq25
                0x00000000100001cc                isr_irq4
                0x00000000100001cc                isr_irq16
                0x00000000100001cc                isr_irq29
                0x00000000100001cc                isr_irq26
                0x00000000100001cc                __default_isrs_end
                0x00000000100001cc                isr_irq3
                0x00000000100001cc                isr_irq12
                0x00000000100001cc                isr_irq9
                0x00000000100001d2                unhandled_user_irq_num_in_r0
 *(.binary_info_header)
 .binary_info_header
                0x00000000100001d4       0x14 CMakeFiles/cube_robot.dir/home/wang/pico2/pico-sdk/src/rp2_common/pico_standard_link/crt0.S.obj
                0x00000000100001e8                __binary_info_header_end = .
 *(.reset)
 .reset         0x00000000100001e8       0xa0 CMakeFiles/cube_robot.dir/home/wang/pico2/pico-sdk/src/rp2_common/pico_standard_link/crt0.S.obj
                0x00000000100001e8                _entry_point
 .reset         0x0000000010000288       0x30 CMakeFiles/cube_robot.dir/home/wang/pico2/pico-sdk/src/rp2_common/pico_standard_link/binary_info.c.obj
 *(.init)
 .init          0x00000000100002b8        0x4 /opt/gcc-arm-none-eabi-10.3-2021.10/bin/../lib/gcc/arm-none-eabi/10.3.1/thumb/v6-m/nofp/crti.o
                0x00000000100002b8                _init
 *(EXCLUDE_FILE(*libm.a: *libc.a:*lib_a-mem*.o *libgcc.a:) .text*)
 .text          0x00000000100002bc       0x48 /opt/gcc-arm-none-eabi-10.3-2021.10/bin/../lib/gcc/arm-none-eabi/10.3.1/thumb/v6-m/nofp/crtbegin.o
 .text.i2c_get.constprop.0
                0x0000000010000304       0x90 CMakeFiles/cube_robot.dir/cube_robot.c.obj
 .text.cube_lfrb.constprop.0
                0x0000000010000394      0x21c CMakeFiles/cube_robot.dir/cube_robot.c.obj
 .text.stepper_zero
                0x00000000100005b0      0x29c CMakeFiles/cube_robot.dir/cube_robot.c.obj
                0x00000000100005b0                stepper_zero
 .text.init_io  0x000000001000084c      0x1f8 CMakeFiles/cube_robot.dir/cube_robot.c.obj
                0x000000001000084c                init_io
 .text.cube_ud  0x0000000010000a44      0x554 CMakeFiles/cube_robot.dir/cube_robot.c.obj
                0x0000000010000a44                cube_ud
 .text.cube_lfrb
                0x0000000010000f98      0x310 CMakeFiles/cube_robot.dir/cube_robot.c.obj
                0x0000000010000f98                cube_lfrb
 .text.cube_get_color
                0x00000000100012a8      0x87c CMakeFiles/cube_robot.dir/cube_robot.c.obj
                0x00000000100012a8                cube_get_color
 .text.cube_tweak
                0x0000000010001b24      0x2a4 CMakeFiles/cube_robot.dir/cube_robot.c.obj
                0x0000000010001b24                cube_tweak
 .text.cube_tweak_str
                0x0000000010001dc8       0xec CMakeFiles/cube_robot.dir/cube_robot.c.obj
                0x0000000010001dc8                cube_tweak_str
 .text.main_core1
                0x0000000010001eb4       0x48 CMakeFiles/cube_robot.dir/cube_robot.c.obj
                0x0000000010001eb4                main_core1
 .text.i2c_send
                0x0000000010001efc       0x9c CMakeFiles/cube_robot.dir/cube_robot.c.obj
                0x0000000010001efc                i2c_send
 .text.i2c_get  0x0000000010001f98       0xa4 CMakeFiles/cube_robot.dir/cube_robot.c.obj
                0x0000000010001f98                i2c_get
 .text.tcs3472_enable
                0x000000001000203c      0x234 CMakeFiles/cube_robot.dir/cube_robot.c.obj
                0x000000001000203c                tcs3472_enable
 .text.startup.main
                0x0000000010002270      0x7e0 CMakeFiles/cube_robot.dir/cube_robot.c.obj
                0x0000000010002270                main
 .text.rgb2hsv  0x0000000010002a50       0xa8 CMakeFiles/cube_robot.dir/color_detect.c.obj
                0x0000000010002a50                rgb2hsv
 .text.color_detect
                0x0000000010002af8      0x22c CMakeFiles/cube_robot.dir/color_detect.c.obj
                0x0000000010002af8                color_detect
 .text.cube_estimate.part.0
                0x0000000010002d24      0x828 CMakeFiles/cube_robot.dir/solve.c.obj
 .text.cube_from_face_54
                0x000000001000354c       0xf8 CMakeFiles/cube_robot.dir/solve.c.obj
                0x000000001000354c                cube_from_face_54
 .text.cube_route_and_new
                0x0000000010003644      0x1e0 CMakeFiles/cube_robot.dir/solve.c.obj
                0x0000000010003644                cube_route_and_new
 .text.search   0x0000000010003824      0x160 CMakeFiles/cube_robot.dir/solve.c.obj
                0x0000000010003824                search
 .text.solve    0x0000000010003984       0x94 CMakeFiles/cube_robot.dir/solve.c.obj
                0x0000000010003984                solve
 .text.OLED_WriteCommand
                0x0000000010003a18      0x178 CMakeFiles/cube_robot.dir/OLED.c.obj
                0x0000000010003a18                OLED_WriteCommand
 .text.OLED_Update
                0x0000000010003b90      0x1bc CMakeFiles/cube_robot.dir/OLED.c.obj
                0x0000000010003b90                OLED_Update
 .text.OLED_Init
                0x0000000010003d4c       0xd4 CMakeFiles/cube_robot.dir/OLED.c.obj
                0x0000000010003d4c                OLED_Init
 .text.OLED_Clear
                0x0000000010003e20       0x14 CMakeFiles/cube_robot.dir/OLED.c.obj
                0x0000000010003e20                OLED_Clear
 .text.OLED_ShowChar
                0x0000000010003e34      0x744 CMakeFiles/cube_robot.dir/OLED.c.obj
                0x0000000010003e34                OLED_ShowChar
 .text.OLED_Printf
                0x0000000010004578      0x740 CMakeFiles/cube_robot.dir/OLED.c.obj
                0x0000000010004578                OLED_Printf
 .text.gpio_set_pulls
                0x0000000010004cb8       0x30 CMakeFiles/cube_robot.dir/home/wang/pico2/pico-sdk/src/rp2_common/hardware_gpio/gpio.c.obj
                0x0000000010004cb8                gpio_set_pulls
 .text.gpio_init
                0x0000000010004ce8       0x3c CMakeFiles/cube_robot.dir/home/wang/pico2/pico-sdk/src/rp2_common/hardware_gpio/gpio.c.obj
                0x0000000010004ce8                gpio_init
 .text.running_on_fpga
                0x0000000010004d24       0x10 CMakeFiles/cube_robot.dir/home/wang/pico2/pico-sdk/src/rp2_common/pico_platform/platform.c.obj
                0x0000000010004d24                running_on_fpga
 .text.hw_claim_or_assert
                0x0000000010004d34       0x44 CMakeFiles/cube_robot.dir/home/wang/pico2/pico-sdk/src/rp2_common/hardware_claim/claim.c.obj
                0x0000000010004d34                hw_claim_or_assert
 .text.hw_claim_unused_from_range
                0x0000000010004d78       0x9c CMakeFiles/cube_robot.dir/home/wang/pico2/pico-sdk/src/rp2_common/hardware_claim/claim.c.obj
                0x0000000010004d78                hw_claim_unused_from_range
 .text.spin_locks_reset
                0x0000000010004e14       0x1c CMakeFiles/cube_robot.dir/home/wang/pico2/pico-sdk/src/rp2_common/hardware_sync/sync.c.obj
                0x0000000010004e14                spin_locks_reset
 .text.next_striped_spin_lock_num
                0x0000000010004e30       0x18 CMakeFiles/cube_robot.dir/home/wang/pico2/pico-sdk/src/rp2_common/hardware_sync/sync.c.obj
                0x0000000010004e30                next_striped_spin_lock_num
 .text.spin_lock_claim_unused
                0x0000000010004e48       0x20 CMakeFiles/cube_robot.dir/home/wang/pico2/pico-sdk/src/rp2_common/hardware_sync/sync.c.obj
                0x0000000010004e48                spin_lock_claim_unused
 .text.irq_set_enabled
                0x0000000010004e68       0x24 CMakeFiles/cube_robot.dir/home/wang/pico2/pico-sdk/src/rp2_common/hardware_irq/irq.c.obj
                0x0000000010004e68                irq_set_enabled
 .text.irq_is_enabled
                0x0000000010004e8c       0x18 CMakeFiles/cube_robot.dir/home/wang/pico2/pico-sdk/src/rp2_common/hardware_irq/irq.c.obj
                0x0000000010004e8c                irq_is_enabled
 .text.irq_set_pending
                0x0000000010004ea4       0x10 CMakeFiles/cube_robot.dir/home/wang/pico2/pico-sdk/src/rp2_common/hardware_irq/irq.c.obj
                0x0000000010004ea4                irq_set_pending
 .text.irq_has_shared_handler
                0x0000000010004eb4       0x2c CMakeFiles/cube_robot.dir/home/wang/pico2/pico-sdk/src/rp2_common/hardware_irq/irq.c.obj
                0x0000000010004eb4                irq_has_shared_handler
 .text.irq_get_vtable_handler
                0x0000000010004ee0       0x10 CMakeFiles/cube_robot.dir/home/wang/pico2/pico-sdk/src/rp2_common/hardware_irq/irq.c.obj
                0x0000000010004ee0                irq_get_vtable_handler
 .text.irq_set_exclusive_handler
                0x0000000010004ef0       0x54 CMakeFiles/cube_robot.dir/home/wang/pico2/pico-sdk/src/rp2_common/hardware_irq/irq.c.obj
                0x0000000010004ef0                irq_set_exclusive_handler
 .text.irq_add_shared_handler
                0x0000000010004f44      0x1e8 CMakeFiles/cube_robot.dir/home/wang/pico2/pico-sdk/src/rp2_common/hardware_irq/irq.c.obj
                0x0000000010004f44                irq_add_shared_handler
 .text.irq_remove_handler
                0x000000001000512c      0x1b0 CMakeFiles/cube_robot.dir/home/wang/pico2/pico-sdk/src/rp2_common/hardware_irq/irq.c.obj
                0x000000001000512c                irq_remove_handler
 .text.irq_add_tail_to_free_list
                0x00000000100052dc       0xb4 CMakeFiles/cube_robot.dir/home/wang/pico2/pico-sdk/src/rp2_common/hardware_irq/irq.c.obj
                0x00000000100052dc                irq_add_tail_to_free_list
 .text.irq_init_priorities
                0x0000000010005390       0x24 CMakeFiles/cube_robot.dir/home/wang/pico2/pico-sdk/src/rp2_common/hardware_irq/irq.c.obj
                0x0000000010005390                irq_init_priorities
 .text.user_irq_claim_unused
                0x00000000100053b4       0x28 CMakeFiles/cube_robot.dir/home/wang/pico2/pico-sdk/src/rp2_common/hardware_irq/irq.c.obj
                0x00000000100053b4                user_irq_claim_unused
 .text.lock_init
                0x00000000100053dc       0x10 CMakeFiles/cube_robot.dir/home/wang/pico2/pico-sdk/src/common/pico_sync/lock_core.c.obj
                0x00000000100053dc                lock_init
 .text.mutex_init
                0x00000000100053ec       0x1c CMakeFiles/cube_robot.dir/home/wang/pico2/pico-sdk/src/common/pico_sync/mutex.c.obj
                0x00000000100053ec                mutex_init
 .text.recursive_mutex_init
                0x0000000010005408       0x1c CMakeFiles/cube_robot.dir/home/wang/pico2/pico-sdk/src/common/pico_sync/mutex.c.obj
                0x0000000010005408                recursive_mutex_init
 .text.critical_section_init
                0x0000000010005424       0x20 CMakeFiles/cube_robot.dir/home/wang/pico2/pico-sdk/src/common/pico_sync/critical_section.c.obj
                0x0000000010005424                critical_section_init
 .text.critical_section_init_with_lock_num
                0x0000000010005444       0x14 CMakeFiles/cube_robot.dir/home/wang/pico2/pico-sdk/src/common/pico_sync/critical_section.c.obj
                0x0000000010005444                critical_section_init_with_lock_num
 .text.timer_pool_entry_comparator
                0x0000000010005458       0x34 CMakeFiles/cube_robot.dir/home/wang/pico2/pico-sdk/src/common/pico_time/time.c.obj
                0x0000000010005458                timer_pool_entry_comparator
 .text.sleep_until_callback
                0x000000001000548c       0x30 CMakeFiles/cube_robot.dir/home/wang/pico2/pico-sdk/src/common/pico_time/time.c.obj
 .text.add_alarm_under_lock.isra.0
                0x00000000100054bc      0x100 CMakeFiles/cube_robot.dir/home/wang/pico2/pico-sdk/src/common/pico_time/time.c.obj
 .text.alarm_pool_alarm_callback
                0x00000000100055bc      0x1bc CMakeFiles/cube_robot.dir/home/wang/pico2/pico-sdk/src/common/pico_time/time.c.obj
 .text.alarm_pool_init_default
                0x0000000010005778       0x6c CMakeFiles/cube_robot.dir/home/wang/pico2/pico-sdk/src/common/pico_time/time.c.obj
                0x0000000010005778                alarm_pool_init_default
 .text.alarm_pool_get_default
                0x00000000100057e4        0x8 CMakeFiles/cube_robot.dir/home/wang/pico2/pico-sdk/src/common/pico_time/time.c.obj
                0x00000000100057e4                alarm_pool_get_default
 .text.alarm_pool_add_alarm_at
                0x00000000100057ec      0x178 CMakeFiles/cube_robot.dir/home/wang/pico2/pico-sdk/src/common/pico_time/time.c.obj
                0x00000000100057ec                alarm_pool_add_alarm_at
 .text.alarm_pool_core_num
                0x0000000010005964        0x4 CMakeFiles/cube_robot.dir/home/wang/pico2/pico-sdk/src/common/pico_time/time.c.obj
                0x0000000010005964                alarm_pool_core_num
 .text.sleep_until
                0x0000000010005968       0xc4 CMakeFiles/cube_robot.dir/home/wang/pico2/pico-sdk/src/common/pico_time/time.c.obj
                0x0000000010005968                sleep_until
 .text.sleep_us
                0x0000000010005a2c       0x24 CMakeFiles/cube_robot.dir/home/wang/pico2/pico-sdk/src/common/pico_time/time.c.obj
                0x0000000010005a2c                sleep_us
 .text.sleep_ms
                0x0000000010005a50       0x34 CMakeFiles/cube_robot.dir/home/wang/pico2/pico-sdk/src/common/pico_time/time.c.obj
                0x0000000010005a50                sleep_ms
 .text.best_effort_wfe_or_timeout
                0x0000000010005a84       0xd4 CMakeFiles/cube_robot.dir/home/wang/pico2/pico-sdk/src/common/pico_time/time.c.obj
                0x0000000010005a84                best_effort_wfe_or_timeout
 .text.hardware_alarm_irq_handler
                0x0000000010005b58       0xbc CMakeFiles/cube_robot.dir/home/wang/pico2/pico-sdk/src/rp2_common/hardware_timer/timer.c.obj
 .text.hardware_alarm_claim
                0x0000000010005c14       0x18 CMakeFiles/cube_robot.dir/home/wang/pico2/pico-sdk/src/rp2_common/hardware_timer/timer.c.obj
                0x0000000010005c14                hardware_alarm_claim
 .text.time_us_64
                0x0000000010005c2c       0x14 CMakeFiles/cube_robot.dir/home/wang/pico2/pico-sdk/src/rp2_common/hardware_timer/timer.c.obj
                0x0000000010005c2c                time_us_64
 .text.busy_wait_until
                0x0000000010005c40       0x20 CMakeFiles/cube_robot.dir/home/wang/pico2/pico-sdk/src/rp2_common/hardware_timer/timer.c.obj
                0x0000000010005c40                busy_wait_until
 .text.hardware_alarm_set_callback
                0x0000000010005c60       0x8c CMakeFiles/cube_robot.dir/home/wang/pico2/pico-sdk/src/rp2_common/hardware_timer/timer.c.obj
                0x0000000010005c60                hardware_alarm_set_callback
 .text.hardware_alarm_set_target
                0x0000000010005cec       0xd4 CMakeFiles/cube_robot.dir/home/wang/pico2/pico-sdk/src/rp2_common/hardware_timer/timer.c.obj
                0x0000000010005cec                hardware_alarm_set_target
 .text.hardware_alarm_cancel
                0x0000000010005dc0       0x3c CMakeFiles/cube_robot.dir/home/wang/pico2/pico-sdk/src/rp2_common/hardware_timer/timer.c.obj
                0x0000000010005dc0                hardware_alarm_cancel
 .text.ph_merge_nodes
                0x0000000010005dfc       0x68 CMakeFiles/cube_robot.dir/home/wang/pico2/pico-sdk/src/common/pico_util/pheap.c.obj
 .text.ph_post_alloc_init
                0x0000000010005e64       0x3c CMakeFiles/cube_robot.dir/home/wang/pico2/pico-sdk/src/common/pico_util/pheap.c.obj
                0x0000000010005e64                ph_post_alloc_init
 .text.ph_merge_two_pass
                0x0000000010005ea0       0x90 CMakeFiles/cube_robot.dir/home/wang/pico2/pico-sdk/src/common/pico_util/pheap.c.obj
                0x0000000010005ea0                ph_merge_two_pass
 .text.ph_remove_any_head
                0x0000000010005f30      0x100 CMakeFiles/cube_robot.dir/home/wang/pico2/pico-sdk/src/common/pico_util/pheap.c.obj
 .text.ph_remove_head
                0x0000000010006030      0x104 CMakeFiles/cube_robot.dir/home/wang/pico2/pico-sdk/src/common/pico_util/pheap.c.obj
                0x0000000010006030                ph_remove_head
 .text.ph_remove_and_free_node
                0x0000000010006134       0x7c CMakeFiles/cube_robot.dir/home/wang/pico2/pico-sdk/src/common/pico_util/pheap.c.obj
                0x0000000010006134                ph_remove_and_free_node
 .text.clocks_init
                0x00000000100061b0      0x2d0 CMakeFiles/cube_robot.dir/home/wang/pico2/pico-sdk/src/rp2_common/hardware_clocks/clocks.c.obj
                0x00000000100061b0                clocks_init
 .text.pll_init
                0x0000000010006480       0xa0 CMakeFiles/cube_robot.dir/home/wang/pico2/pico-sdk/src/rp2_common/hardware_pll/pll.c.obj
                0x0000000010006480                pll_init
 .text.watchdog_start_tick
                0x0000000010006520       0x10 CMakeFiles/cube_robot.dir/home/wang/pico2/pico-sdk/src/rp2_common/hardware_watchdog/watchdog.c.obj
                0x0000000010006520                watchdog_start_tick
 .text.watchdog_reboot
                0x0000000010006530       0x98 CMakeFiles/cube_robot.dir/home/wang/pico2/pico-sdk/src/rp2_common/hardware_watchdog/watchdog.c.obj
                0x0000000010006530                watchdog_reboot
 .text.xosc_init
                0x00000000100065c8       0x28 CMakeFiles/cube_robot.dir/home/wang/pico2/pico-sdk/src/rp2_common/hardware_xosc/xosc.c.obj
                0x00000000100065c8                xosc_init
 .text.runtime_init
                0x00000000100065f0       0xf0 CMakeFiles/cube_robot.dir/home/wang/pico2/pico-sdk/src/rp2_common/pico_runtime/runtime.c.obj
                0x00000000100065f0                runtime_init
 .text._exit    0x00000000100066e0        0x4 CMakeFiles/cube_robot.dir/home/wang/pico2/pico-sdk/src/rp2_common/pico_runtime/runtime.c.obj
                0x00000000100066e0                _exit
 .text._sbrk    0x00000000100066e4       0x34 CMakeFiles/cube_robot.dir/home/wang/pico2/pico-sdk/src/rp2_common/pico_runtime/runtime.c.obj
                0x00000000100066e4                _sbrk
 .text.exit     0x0000000010006718        0x8 CMakeFiles/cube_robot.dir/home/wang/pico2/pico-sdk/src/rp2_common/pico_runtime/runtime.c.obj
                0x0000000010006718                exit
 .text.__assert_func
                0x0000000010006720       0x34 CMakeFiles/cube_robot.dir/home/wang/pico2/pico-sdk/src/rp2_common/pico_runtime/runtime.c.obj
                0x0000000010006720                __assert_func
 .text.panic    0x0000000010006754       0x30 CMakeFiles/cube_robot.dir/home/wang/pico2/pico-sdk/src/rp2_common/pico_runtime/runtime.c.obj
                0x0000000010006754                panic
 .text.hard_assertion_failure
                0x0000000010006784        0xc CMakeFiles/cube_robot.dir/home/wang/pico2/pico-sdk/src/rp2_common/pico_runtime/runtime.c.obj
                0x0000000010006784                hard_assertion_failure
 .text._out_null
                0x0000000010006790        0x4 CMakeFiles/cube_robot.dir/home/wang/pico2/pico-sdk/src/rp2_common/pico_printf/printf.c.obj
 .text._out_rev
                0x0000000010006794       0x9c CMakeFiles/cube_robot.dir/home/wang/pico2/pico-sdk/src/rp2_common/pico_printf/printf.c.obj
 .text._ntoa_format
                0x0000000010006830      0x1cc CMakeFiles/cube_robot.dir/home/wang/pico2/pico-sdk/src/rp2_common/pico_printf/printf.c.obj
 .text._out_char
                0x00000000100069fc       0x10 CMakeFiles/cube_robot.dir/home/wang/pico2/pico-sdk/src/rp2_common/pico_printf/printf.c.obj
 .text._out_fct
                0x0000000010006a0c       0x10 CMakeFiles/cube_robot.dir/home/wang/pico2/pico-sdk/src/rp2_common/pico_printf/printf.c.obj
 .text._etoa    0x0000000010006a1c      0x44c CMakeFiles/cube_robot.dir/home/wang/pico2/pico-sdk/src/rp2_common/pico_printf/printf.c.obj
 .text._ftoa    0x0000000010006e68      0x398 CMakeFiles/cube_robot.dir/home/wang/pico2/pico-sdk/src/rp2_common/pico_printf/printf.c.obj
 .text._vsnprintf
                0x0000000010007200      0xb04 CMakeFiles/cube_robot.dir/home/wang/pico2/pico-sdk/src/rp2_common/pico_printf/printf.c.obj
 .text.vfctprintf
                0x0000000010007d04       0x20 CMakeFiles/cube_robot.dir/home/wang/pico2/pico-sdk/src/rp2_common/pico_printf/printf.c.obj
                0x0000000010007d04                vfctprintf
 .text.weak_raw_printf
                0x0000000010007d24       0x40 CMakeFiles/cube_robot.dir/home/wang/pico2/pico-sdk/src/rp2_common/pico_printf/printf.c.obj
                0x0000000010007d24                weak_raw_printf
 .text.weak_raw_vprintf
                0x0000000010007d64       0x30 CMakeFiles/cube_robot.dir/home/wang/pico2/pico-sdk/src/rp2_common/pico_printf/printf.c.obj
                0x0000000010007d64                weak_raw_vprintf
 .text          0x0000000010007d94       0x10 CMakeFiles/cube_robot.dir/home/wang/pico2/pico-sdk/src/rp2_common/pico_bit_ops/bit_ops_aeabi.S.obj
 .text.rom_func_lookup
                0x0000000010007da4       0x10 CMakeFiles/cube_robot.dir/home/wang/pico2/pico-sdk/src/rp2_common/pico_bootrom/bootrom.c.obj
                0x0000000010007da4                rom_func_lookup
 .text.rom_data_lookup
                0x0000000010007db4       0x10 CMakeFiles/cube_robot.dir/home/wang/pico2/pico-sdk/src/rp2_common/pico_bootrom/bootrom.c.obj
                0x0000000010007db4                rom_data_lookup
 .text.rom_funcs_lookup
                0x0000000010007dc4       0x44 CMakeFiles/cube_robot.dir/home/wang/pico2/pico-sdk/src/rp2_common/pico_bootrom/bootrom.c.obj
                0x0000000010007dc4                rom_funcs_lookup
 .text.__wrap___aeabi_idiv
                0x0000000010007e08       0x50 CMakeFiles/cube_robot.dir/home/wang/pico2/pico-sdk/src/rp2_common/pico_divider/divider.S.obj
                0x0000000010007e08                __wrap___aeabi_idivmod
                0x0000000010007e08                divmod_s32s32
                0x0000000010007e08                div_s32s32
                0x0000000010007e08                __wrap___aeabi_idiv
                0x0000000010007e10                divmod_s32s32_unsafe
                0x0000000010007e3c                divmod_s32s32_savestate
 .text.__wrap___aeabi_uidiv
                0x0000000010007e58       0x4c CMakeFiles/cube_robot.dir/home/wang/pico2/pico-sdk/src/rp2_common/pico_divider/divider.S.obj
                0x0000000010007e58                __wrap___aeabi_uidiv
                0x0000000010007e58                __wrap___aeabi_uidivmod
                0x0000000010007e58                div_u32u32
                0x0000000010007e58                divmod_u32u32
                0x0000000010007e60                divmod_u32u32_unsafe
                0x0000000010007e88                divmod_u32u32_savestate
 .text.__wrap___aeabi_ldiv
                0x0000000010007ea4      0x424 CMakeFiles/cube_robot.dir/home/wang/pico2/pico-sdk/src/rp2_common/pico_divider/divider.S.obj
                0x0000000010007ea4                div_s64s64
                0x0000000010007ea4                divmod_s64s64
                0x0000000010007ea4                __wrap___aeabi_ldivmod
                0x0000000010007ed4                div_u64u64
                0x0000000010007ed4                divmod_u64u64
                0x0000000010007ed4                __wrap___aeabi_uldivmod
                0x0000000010007ee4                divmod_u64u64_savestate
                0x0000000010007f04                divmod_s64s64_unsafe
                0x0000000010007f8c                divmod_u64u64_unsafe
 .text.__wrap___aeabi_darithmetic
                0x00000000100082c8       0x80 CMakeFiles/cube_robot.dir/home/wang/pico2/pico-sdk/src/rp2_common/pico_double/double_aeabi.S.obj
                0x00000000100082c8                __wrap___aeabi_drsub
                0x00000000100082ce                __wrap___aeabi_dsub
                0x00000000100082e0                __wrap___aeabi_dadd
                0x00000000100082f2                __wrap___aeabi_ddiv
                0x000000001000832e                __wrap___aeabi_dmul
 .text.__wrap___aeabi_cdcmple
                0x0000000010008348       0x6c CMakeFiles/cube_robot.dir/home/wang/pico2/pico-sdk/src/rp2_common/pico_double/double_aeabi.S.obj
                0x0000000010008348                __wrap___aeabi_cdrcmple
                0x0000000010008358                __wrap___aeabi_cdcmple
                0x0000000010008358                __wrap___aeabi_cdcmpeq
 .text.__wrap___aeabi_dcmpeq
                0x00000000100083b4       0x10 CMakeFiles/cube_robot.dir/home/wang/pico2/pico-sdk/src/rp2_common/pico_double/double_aeabi.S.obj
                0x00000000100083b4                __wrap___aeabi_dcmpeq
 .text.__wrap___aeabi_dcmplt
                0x00000000100083c4        0xc CMakeFiles/cube_robot.dir/home/wang/pico2/pico-sdk/src/rp2_common/pico_double/double_aeabi.S.obj
                0x00000000100083c4                __wrap___aeabi_dcmplt
 .text.__wrap___aeabi_dcmple
                0x00000000100083d0       0x10 CMakeFiles/cube_robot.dir/home/wang/pico2/pico-sdk/src/rp2_common/pico_double/double_aeabi.S.obj
                0x00000000100083d0                __wrap___aeabi_dcmple
 .text.__wrap___aeabi_dcmpge
                0x00000000100083e0       0x10 CMakeFiles/cube_robot.dir/home/wang/pico2/pico-sdk/src/rp2_common/pico_double/double_aeabi.S.obj
                0x00000000100083e0                __wrap___aeabi_dcmpge
 .text.__wrap___aeabi_dcmpgt
                0x00000000100083f0        0xa CMakeFiles/cube_robot.dir/home/wang/pico2/pico-sdk/src/rp2_common/pico_double/double_aeabi.S.obj
                0x00000000100083f0                __wrap___aeabi_dcmpgt
 .text.__wrap___aeabi_dcmpun
                0x00000000100083fa       0x1c CMakeFiles/cube_robot.dir/home/wang/pico2/pico-sdk/src/rp2_common/pico_double/double_aeabi.S.obj
                0x00000000100083fa                __wrap___aeabi_dcmpun
 *fill*         0x0000000010008416        0x2 
 .text.__wrap___aeabi_i2d
                0x0000000010008418       0x38 CMakeFiles/cube_robot.dir/home/wang/pico2/pico-sdk/src/rp2_common/pico_double/double_aeabi.S.obj
                0x0000000010008418                __wrap___aeabi_ui2d
                0x0000000010008420                __wrap___aeabi_i2d
 .text.__wrap___aeabi_d2iz
                0x0000000010008450       0x48 CMakeFiles/cube_robot.dir/home/wang/pico2/pico-sdk/src/rp2_common/pico_double/double_aeabi.S.obj
                0x0000000010008450                __wrap___aeabi_d2iz
                0x0000000010008450                double2int_z
 .text.__wrap___aeabi_d2uiz
                0x0000000010008498       0x18 CMakeFiles/cube_robot.dir/home/wang/pico2/pico-sdk/src/rp2_common/pico_double/double_aeabi.S.obj
                0x0000000010008498                double2uint
                0x0000000010008498                __wrap___aeabi_d2uiz
 .text.__aeabi_double_init
                0x00000000100084b0       0x94 CMakeFiles/cube_robot.dir/home/wang/pico2/pico-sdk/src/rp2_common/pico_double/double_init_rom.c.obj
                0x00000000100084b0                __aeabi_double_init
 .text.double_table_shim_on_use_helper
                0x0000000010008544       0x2c CMakeFiles/cube_robot.dir/home/wang/pico2/pico-sdk/src/rp2_common/pico_double/double_v1_rom_shim.S.obj
                0x0000000010008544                double_table_shim_on_use_helper
 .text.__wrap___aeabi_dsub
                0x0000000010008570       0x10 CMakeFiles/cube_robot.dir/home/wang/pico2/pico-sdk/src/rp2_common/pico_double/double_v1_rom_shim.S.obj
                0x0000000010008570                drsub_shim
                0x0000000010008576                dsub_shim
 .text.dadd_shim
                0x0000000010008580      0x15c CMakeFiles/cube_robot.dir/home/wang/pico2/pico-sdk/src/rp2_common/pico_double/double_v1_rom_shim.S.obj
                0x0000000010008580                dadd_shim
 .text.dmul_shim
                0x00000000100086dc      0x15c CMakeFiles/cube_robot.dir/home/wang/pico2/pico-sdk/src/rp2_common/pico_double/double_v1_rom_shim.S.obj
                0x00000000100086dc                dmul_shim
 .text.ddiv_shim
                0x0000000010008838      0x1b0 CMakeFiles/cube_robot.dir/home/wang/pico2/pico-sdk/src/rp2_common/pico_double/double_v1_rom_shim.S.obj
                0x0000000010008838                ddiv_shim
 .text.double2uint_shim
                0x00000000100089e8        0xe CMakeFiles/cube_robot.dir/home/wang/pico2/pico-sdk/src/rp2_common/pico_double/double_v1_rom_shim.S.obj
                0x00000000100089e8                double2uint_shim
                0x00000000100089ea                double2ufix_shim
 *fill*         0x00000000100089f6        0x2 
 .text.double2uint64_shim
                0x00000000100089f8       0x70 CMakeFiles/cube_robot.dir/home/wang/pico2/pico-sdk/src/rp2_common/pico_double/double_v1_rom_shim.S.obj
                0x00000000100089f8                double2uint64_shim
                0x00000000100089fa                double2ufix64_shim
                0x0000000010008a1a                d2fix_a
 .text.dunpacks
                0x0000000010008a68       0x3c CMakeFiles/cube_robot.dir/home/wang/pico2/pico-sdk/src/rp2_common/pico_double/double_v1_rom_shim.S.obj
                0x0000000010008a68                dunpacks
 .text.__aeabi_lmul
                0x0000000010008aa4       0x32 CMakeFiles/cube_robot.dir/home/wang/pico2/pico-sdk/src/rp2_common/pico_int64_ops/pico_int64_ops_aeabi.S.obj
                0x0000000010008aa4                __wrap___aeabi_lmul
 *fill*         0x0000000010008ad6        0x2 
 .text.__wrap___aeabi_farithmetic
                0x0000000010008ad8       0x48 CMakeFiles/cube_robot.dir/home/wang/pico2/pico-sdk/src/rp2_common/pico_float/float_aeabi.S.obj
                0x0000000010008ad8                __wrap___aeabi_frsub
                0x0000000010008ade                __wrap___aeabi_fsub
                0x0000000010008ae4                __wrap___aeabi_fadd
                0x0000000010008aea                __wrap___aeabi_fdiv
                0x0000000010008b12                __wrap___aeabi_fmul
 .text.__wrap___aeabi_f2ulz
                0x0000000010008b20       0x14 CMakeFiles/cube_robot.dir/home/wang/pico2/pico-sdk/src/rp2_common/pico_float/float_aeabi.S.obj
                0x0000000010008b20                __wrap___aeabi_f2ulz
 .text.__wrap_sqrtf
                0x0000000010008b34       0x20 CMakeFiles/cube_robot.dir/home/wang/pico2/pico-sdk/src/rp2_common/pico_float/float_aeabi.S.obj
                0x0000000010008b34                __wrap_sqrtf
 .text.__aeabi_float_init
                0x0000000010008b54       0x64 CMakeFiles/cube_robot.dir/home/wang/pico2/pico-sdk/src/rp2_common/pico_float/float_init_rom.c.obj
                0x0000000010008b54                __aeabi_float_init
 .text.__wrap_roundf
                0x0000000010008bb8       0x3c CMakeFiles/cube_robot.dir/home/wang/pico2/pico-sdk/src/rp2_common/pico_float/float_math.c.obj
                0x0000000010008bb8                __wrap_roundf
 .text.float_table_shim_on_use_helper
                0x0000000010008bf4       0x2c CMakeFiles/cube_robot.dir/home/wang/pico2/pico-sdk/src/rp2_common/pico_float/float_v1_rom_shim.S.obj
                0x0000000010008bf4                float_table_shim_on_use_helper
 .text.float264_shims
                0x0000000010008c20       0x4c CMakeFiles/cube_robot.dir/home/wang/pico2/pico-sdk/src/rp2_common/pico_float/float_v1_rom_shim.S.obj
                0x0000000010008c20                float2int64_shim
                0x0000000010008c22                float2fix64_shim
                0x0000000010008c2a                float2uint64_shim
                0x0000000010008c2c                float2ufix64_shim
 .text.d2fix_a_float
                0x0000000010008c6c       0x5c CMakeFiles/cube_robot.dir/home/wang/pico2/pico-sdk/src/rp2_common/pico_float/float_v1_rom_shim.S.obj
 .text          0x0000000010008cc8       0x10 CMakeFiles/cube_robot.dir/home/wang/pico2/pico-sdk/src/rp2_common/pico_mem_ops/mem_ops_aeabi.S.obj
                0x0000000010008cc8                __aeabi_mem_init
 .text.memset   0x0000000010008cd8        0xc CMakeFiles/cube_robot.dir/home/wang/pico2/pico-sdk/src/rp2_common/pico_mem_ops/mem_ops_aeabi.S.obj
                0x0000000010008cd8                __wrap_memset
 .text.memcpy   0x0000000010008ce4        0xc CMakeFiles/cube_robot.dir/home/wang/pico2/pico-sdk/src/rp2_common/pico_mem_ops/mem_ops_aeabi.S.obj
                0x0000000010008ce4                __wrap___aeabi_memcpy
                0x0000000010008ce4                __wrap_memcpy
 .text.stdio_out_chars_no_crlf
                0x0000000010008cf0       0x10 CMakeFiles/cube_robot.dir/home/wang/pico2/pico-sdk/src/rp2_common/pico_stdio/stdio.c.obj
 .text.stdio_out_chars_crlf
                0x0000000010008d00       0xb4 CMakeFiles/cube_robot.dir/home/wang/pico2/pico-sdk/src/rp2_common/pico_stdio/stdio.c.obj
 .text.stdio_buffered_printer
                0x0000000010008db4       0x64 CMakeFiles/cube_robot.dir/home/wang/pico2/pico-sdk/src/rp2_common/pico_stdio/stdio.c.obj
 .text.stdio_put_string.isra.0
                0x0000000010008e18       0xfc CMakeFiles/cube_robot.dir/home/wang/pico2/pico-sdk/src/rp2_common/pico_stdio/stdio.c.obj
 .text.__wrap_putchar
                0x0000000010008f14       0x98 CMakeFiles/cube_robot.dir/home/wang/pico2/pico-sdk/src/rp2_common/pico_stdio/stdio.c.obj
                0x0000000010008f14                __wrap_putchar
 .text.__wrap_puts
                0x0000000010008fac       0x3c CMakeFiles/cube_robot.dir/home/wang/pico2/pico-sdk/src/rp2_common/pico_stdio/stdio.c.obj
                0x0000000010008fac                __wrap_puts
 .text.stdio_set_driver_enabled
                0x0000000010008fe8       0x30 CMakeFiles/cube_robot.dir/home/wang/pico2/pico-sdk/src/rp2_common/pico_stdio/stdio.c.obj
                0x0000000010008fe8                stdio_set_driver_enabled
 .text.__wrap_vprintf
                0x0000000010009018       0xd8 CMakeFiles/cube_robot.dir/home/wang/pico2/pico-sdk/src/rp2_common/pico_stdio/stdio.c.obj
                0x0000000010009018                __wrap_vprintf
 .text.__wrap_printf
                0x00000000100090f0       0x18 CMakeFiles/cube_robot.dir/home/wang/pico2/pico-sdk/src/rp2_common/pico_stdio/stdio.c.obj
                0x00000000100090f0                __wrap_printf
 .text.stdio_init_all
                0x0000000010009108        0x8 CMakeFiles/cube_robot.dir/home/wang/pico2/pico-sdk/src/rp2_common/pico_stdio/stdio.c.obj
                0x0000000010009108                stdio_init_all
 .text.resetd_init
                0x0000000010009110        0x4 CMakeFiles/cube_robot.dir/home/wang/pico2/pico-sdk/src/rp2_common/pico_stdio_usb/reset_interface.c.obj
 .text.resetd_reset
                0x0000000010009114        0xc CMakeFiles/cube_robot.dir/home/wang/pico2/pico-sdk/src/rp2_common/pico_stdio_usb/reset_interface.c.obj
 .text.resetd_open
                0x0000000010009120       0x28 CMakeFiles/cube_robot.dir/home/wang/pico2/pico-sdk/src/rp2_common/pico_stdio_usb/reset_interface.c.obj
 .text.resetd_xfer_cb
                0x0000000010009148        0x4 CMakeFiles/cube_robot.dir/home/wang/pico2/pico-sdk/src/rp2_common/pico_stdio_usb/reset_interface.c.obj
 .text.resetd_control_xfer_cb
                0x000000001000914c       0x64 CMakeFiles/cube_robot.dir/home/wang/pico2/pico-sdk/src/rp2_common/pico_stdio_usb/reset_interface.c.obj
 .text.usbd_app_driver_get_cb
                0x00000000100091b0        0xc CMakeFiles/cube_robot.dir/home/wang/pico2/pico-sdk/src/rp2_common/pico_stdio_usb/reset_interface.c.obj
                0x00000000100091b0                usbd_app_driver_get_cb
 .text.tud_cdc_line_coding_cb
                0x00000000100091bc       0x34 CMakeFiles/cube_robot.dir/home/wang/pico2/pico-sdk/src/rp2_common/pico_stdio_usb/reset_interface.c.obj
                0x00000000100091bc                tud_cdc_line_coding_cb
 .text.stdio_usb_set_chars_available_callback
                0x00000000100091f0       0x14 CMakeFiles/cube_robot.dir/home/wang/pico2/pico-sdk/src/rp2_common/pico_stdio_usb/stdio_usb.c.obj
                0x00000000100091f0                stdio_usb_set_chars_available_callback
 .text.usb_irq  0x0000000010009204       0x10 CMakeFiles/cube_robot.dir/home/wang/pico2/pico-sdk/src/rp2_common/pico_stdio_usb/stdio_usb.c.obj
 .text.timer_task
                0x0000000010009214       0x54 CMakeFiles/cube_robot.dir/home/wang/pico2/pico-sdk/src/rp2_common/pico_stdio_usb/stdio_usb.c.obj
 .text.stdio_usb_in_chars
                0x0000000010009268       0x90 CMakeFiles/cube_robot.dir/home/wang/pico2/pico-sdk/src/rp2_common/pico_stdio_usb/stdio_usb.c.obj
                0x0000000010009268                stdio_usb_in_chars
 .text.stdio_usb_out_chars
                0x00000000100092f8      0x100 CMakeFiles/cube_robot.dir/home/wang/pico2/pico-sdk/src/rp2_common/pico_stdio_usb/stdio_usb.c.obj
 .text.low_priority_worker_irq
                0x00000000100093f8       0xa8 CMakeFiles/cube_robot.dir/home/wang/pico2/pico-sdk/src/rp2_common/pico_stdio_usb/stdio_usb.c.obj
 .text.tud_cdc_rx_cb
                0x00000000100094a0       0x20 CMakeFiles/cube_robot.dir/home/wang/pico2/pico-sdk/src/rp2_common/pico_stdio_usb/stdio_usb.c.obj
                0x00000000100094a0                tud_cdc_rx_cb
 .text.stdio_usb_init
                0x00000000100094c0       0xdc CMakeFiles/cube_robot.dir/home/wang/pico2/pico-sdk/src/rp2_common/pico_stdio_usb/stdio_usb.c.obj
                0x00000000100094c0                stdio_usb_init
 .text.tud_descriptor_device_cb
                0x000000001000959c        0x8 CMakeFiles/cube_robot.dir/home/wang/pico2/pico-sdk/src/rp2_common/pico_stdio_usb/stdio_usb_descriptors.c.obj
                0x000000001000959c                tud_descriptor_device_cb
 .text.tud_descriptor_configuration_cb
                0x00000000100095a4        0x8 CMakeFiles/cube_robot.dir/home/wang/pico2/pico-sdk/src/rp2_common/pico_stdio_usb/stdio_usb_descriptors.c.obj
                0x00000000100095a4                tud_descriptor_configuration_cb
 .text.tud_descriptor_string_cb
                0x00000000100095ac       0x74 CMakeFiles/cube_robot.dir/home/wang/pico2/pico-sdk/src/rp2_common/pico_stdio_usb/stdio_usb_descriptors.c.obj
                0x00000000100095ac                tud_descriptor_string_cb
 .text.startup._retrieve_unique_id_on_boot
                0x0000000010009620       0x10 CMakeFiles/cube_robot.dir/home/wang/pico2/pico-sdk/src/rp2_common/pico_unique_id/unique_id.c.obj
 .text.pico_get_unique_board_id_string
                0x0000000010009630      0x1a8 CMakeFiles/cube_robot.dir/home/wang/pico2/pico-sdk/src/rp2_common/pico_unique_id/unique_id.c.obj
                0x0000000010009630                pico_get_unique_board_id_string
 .text.flash_get_unique_id
                0x00000000100097d8       0x40 CMakeFiles/cube_robot.dir/home/wang/pico2/pico-sdk/src/rp2_common/hardware_flash/flash.c.obj
                0x00000000100097d8                flash_get_unique_id
 .text.dcd_int_enable
                0x0000000010009818        0xc CMakeFiles/cube_robot.dir/home/wang/pico2/pico-sdk/lib/tinyusb/src/portable/raspberrypi/rp2040/dcd_rp2040.c.obj
                0x0000000010009818                dcd_int_enable
 .text.dcd_set_address
                0x0000000010009824       0x14 CMakeFiles/cube_robot.dir/home/wang/pico2/pico-sdk/lib/tinyusb/src/portable/raspberrypi/rp2040/dcd_rp2040.c.obj
                0x0000000010009824                dcd_set_address
 .text.dcd_connect
                0x0000000010009838       0x10 CMakeFiles/cube_robot.dir/home/wang/pico2/pico-sdk/lib/tinyusb/src/portable/raspberrypi/rp2040/dcd_rp2040.c.obj
                0x0000000010009838                dcd_connect
 .text.dcd_init
                0x0000000010009848       0x98 CMakeFiles/cube_robot.dir/home/wang/pico2/pico-sdk/lib/tinyusb/src/portable/raspberrypi/rp2040/dcd_rp2040.c.obj
                0x0000000010009848                dcd_init
 .text.dcd_edpt0_status_complete
                0x00000000100098e0       0x1c CMakeFiles/cube_robot.dir/home/wang/pico2/pico-sdk/lib/tinyusb/src/portable/raspberrypi/rp2040/dcd_rp2040.c.obj
                0x00000000100098e0                dcd_edpt0_status_complete
 .text.dcd_edpt_open
                0x00000000100098fc      0x108 CMakeFiles/cube_robot.dir/home/wang/pico2/pico-sdk/lib/tinyusb/src/portable/raspberrypi/rp2040/dcd_rp2040.c.obj
                0x00000000100098fc                dcd_edpt_open
 .text.dcd_edpt_close_all
                0x0000000010009a04        0x8 CMakeFiles/cube_robot.dir/home/wang/pico2/pico-sdk/lib/tinyusb/src/portable/raspberrypi/rp2040/dcd_rp2040.c.obj
                0x0000000010009a04                dcd_edpt_close_all
 .text.dcd_edpt_xfer
                0x0000000010009a0c       0x24 CMakeFiles/cube_robot.dir/home/wang/pico2/pico-sdk/lib/tinyusb/src/portable/raspberrypi/rp2040/dcd_rp2040.c.obj
                0x0000000010009a0c                dcd_edpt_xfer
 .text.dcd_edpt_stall
                0x0000000010009a30       0x38 CMakeFiles/cube_robot.dir/home/wang/pico2/pico-sdk/lib/tinyusb/src/portable/raspberrypi/rp2040/dcd_rp2040.c.obj
                0x0000000010009a30                dcd_edpt_stall
 .text.dcd_edpt_clear_stall
                0x0000000010009a68       0x30 CMakeFiles/cube_robot.dir/home/wang/pico2/pico-sdk/lib/tinyusb/src/portable/raspberrypi/rp2040/dcd_rp2040.c.obj
                0x0000000010009a68                dcd_edpt_clear_stall
 .text.rp2040_usb_init
                0x0000000010009a98       0x4c CMakeFiles/cube_robot.dir/home/wang/pico2/pico-sdk/lib/tinyusb/src/portable/raspberrypi/rp2040/rp2040_usb.c.obj
                0x0000000010009a98                rp2040_usb_init
 .text.hw_endpoint_xfer_start
                0x0000000010009ae4       0x50 CMakeFiles/cube_robot.dir/home/wang/pico2/pico-sdk/lib/tinyusb/src/portable/raspberrypi/rp2040/rp2040_usb.c.obj
                0x0000000010009ae4                hw_endpoint_xfer_start
 .text.tud_mounted
                0x0000000010009b34       0x10 CMakeFiles/cube_robot.dir/home/wang/pico2/pico-sdk/lib/tinyusb/src/device/usbd.c.obj
                0x0000000010009b34                tud_mounted
 .text.tud_suspended
                0x0000000010009b44       0x10 CMakeFiles/cube_robot.dir/home/wang/pico2/pico-sdk/lib/tinyusb/src/device/usbd.c.obj
                0x0000000010009b44                tud_suspended
 .text.tud_inited
                0x0000000010009b54       0x14 CMakeFiles/cube_robot.dir/home/wang/pico2/pico-sdk/lib/tinyusb/src/device/usbd.c.obj
                0x0000000010009b54                tud_inited
 .text.tud_init
                0x0000000010009b68       0xe4 CMakeFiles/cube_robot.dir/home/wang/pico2/pico-sdk/lib/tinyusb/src/device/usbd.c.obj
                0x0000000010009b68                tud_init
 .text.tud_task_ext
                0x0000000010009c4c      0x854 CMakeFiles/cube_robot.dir/home/wang/pico2/pico-sdk/lib/tinyusb/src/device/usbd.c.obj
                0x0000000010009c4c                tud_task_ext
 .text.usbd_open_edpt_pair
                0x000000001000a4a0       0x9c CMakeFiles/cube_robot.dir/home/wang/pico2/pico-sdk/lib/tinyusb/src/device/usbd.c.obj
                0x000000001000a4a0                usbd_open_edpt_pair
 .text.usbd_defer_func
                0x000000001000a53c       0x48 CMakeFiles/cube_robot.dir/home/wang/pico2/pico-sdk/lib/tinyusb/src/device/usbd.c.obj
                0x000000001000a53c                usbd_defer_func
 .text.usbd_edpt_open
                0x000000001000a584       0x34 CMakeFiles/cube_robot.dir/home/wang/pico2/pico-sdk/lib/tinyusb/src/device/usbd.c.obj
                0x000000001000a584                usbd_edpt_open
 .text.usbd_edpt_claim
                0x000000001000a5b8       0x28 CMakeFiles/cube_robot.dir/home/wang/pico2/pico-sdk/lib/tinyusb/src/device/usbd.c.obj
                0x000000001000a5b8                usbd_edpt_claim
 .text.usbd_edpt_release
                0x000000001000a5e0       0x28 CMakeFiles/cube_robot.dir/home/wang/pico2/pico-sdk/lib/tinyusb/src/device/usbd.c.obj
                0x000000001000a5e0                usbd_edpt_release
 .text.usbd_edpt_xfer
                0x000000001000a608       0x4c CMakeFiles/cube_robot.dir/home/wang/pico2/pico-sdk/lib/tinyusb/src/device/usbd.c.obj
                0x000000001000a608                usbd_edpt_xfer
 .text.tud_control_status
                0x000000001000a654       0x30 CMakeFiles/cube_robot.dir/home/wang/pico2/pico-sdk/lib/tinyusb/src/device/usbd_control.c.obj
                0x000000001000a654                tud_control_status
 .text.tud_control_xfer
                0x000000001000a684       0xbc CMakeFiles/cube_robot.dir/home/wang/pico2/pico-sdk/lib/tinyusb/src/device/usbd_control.c.obj
                0x000000001000a684                tud_control_xfer
 .text.usbd_control_reset
                0x000000001000a740       0x14 CMakeFiles/cube_robot.dir/home/wang/pico2/pico-sdk/lib/tinyusb/src/device/usbd_control.c.obj
                0x000000001000a740                usbd_control_reset
 .text.usbd_control_set_complete_callback
                0x000000001000a754        0xc CMakeFiles/cube_robot.dir/home/wang/pico2/pico-sdk/lib/tinyusb/src/device/usbd_control.c.obj
                0x000000001000a754                usbd_control_set_complete_callback
 .text.usbd_control_set_request
                0x000000001000a760       0x1c CMakeFiles/cube_robot.dir/home/wang/pico2/pico-sdk/lib/tinyusb/src/device/usbd_control.c.obj
                0x000000001000a760                usbd_control_set_request
 .text.usbd_control_xfer_cb
                0x000000001000a77c       0xfc CMakeFiles/cube_robot.dir/home/wang/pico2/pico-sdk/lib/tinyusb/src/device/usbd_control.c.obj
                0x000000001000a77c                usbd_control_xfer_cb
 .text.tud_cdc_n_connected
                0x000000001000a878       0x30 CMakeFiles/cube_robot.dir/home/wang/pico2/pico-sdk/lib/tinyusb/src/class/cdc/cdc_device.c.obj
                0x000000001000a878                tud_cdc_n_connected
 .text.tud_cdc_n_available
                0x000000001000a8a8       0x18 CMakeFiles/cube_robot.dir/home/wang/pico2/pico-sdk/lib/tinyusb/src/class/cdc/cdc_device.c.obj
                0x000000001000a8a8                tud_cdc_n_available
 .text.tud_cdc_n_read
                0x000000001000a8c0       0x70 CMakeFiles/cube_robot.dir/home/wang/pico2/pico-sdk/lib/tinyusb/src/class/cdc/cdc_device.c.obj
                0x000000001000a8c0                tud_cdc_n_read
 .text.tud_cdc_n_write_flush
                0x000000001000a930       0x78 CMakeFiles/cube_robot.dir/home/wang/pico2/pico-sdk/lib/tinyusb/src/class/cdc/cdc_device.c.obj
                0x000000001000a930                tud_cdc_n_write_flush
 .text.tud_cdc_n_write
                0x000000001000a9a8       0x34 CMakeFiles/cube_robot.dir/home/wang/pico2/pico-sdk/lib/tinyusb/src/class/cdc/cdc_device.c.obj
                0x000000001000a9a8                tud_cdc_n_write
 .text.tud_cdc_n_write_available
                0x000000001000a9dc       0x18 CMakeFiles/cube_robot.dir/home/wang/pico2/pico-sdk/lib/tinyusb/src/class/cdc/cdc_device.c.obj
                0x000000001000a9dc                tud_cdc_n_write_available
 .text.cdcd_init
                0x000000001000a9f4       0x7c CMakeFiles/cube_robot.dir/home/wang/pico2/pico-sdk/lib/tinyusb/src/class/cdc/cdc_device.c.obj
                0x000000001000a9f4                cdcd_init
 .text.cdcd_reset
                0x000000001000aa70       0x2c CMakeFiles/cube_robot.dir/home/wang/pico2/pico-sdk/lib/tinyusb/src/class/cdc/cdc_device.c.obj
                0x000000001000aa70                cdcd_reset
 .text.cdcd_open
                0x000000001000aa9c       0xe8 CMakeFiles/cube_robot.dir/home/wang/pico2/pico-sdk/lib/tinyusb/src/class/cdc/cdc_device.c.obj
                0x000000001000aa9c                cdcd_open
 .text.cdcd_control_xfer_cb
                0x000000001000ab84       0xe4 CMakeFiles/cube_robot.dir/home/wang/pico2/pico-sdk/lib/tinyusb/src/class/cdc/cdc_device.c.obj
                0x000000001000ab84                cdcd_control_xfer_cb
 .text.cdcd_xfer_cb
                0x000000001000ac68      0x148 CMakeFiles/cube_robot.dir/home/wang/pico2/pico-sdk/lib/tinyusb/src/class/cdc/cdc_device.c.obj
                0x000000001000ac68                cdcd_xfer_cb
 .text.tusb_init
                0x000000001000adb0        0xc CMakeFiles/cube_robot.dir/home/wang/pico2/pico-sdk/lib/tinyusb/src/tusb.c.obj
                0x000000001000adb0                tusb_init
 .text.tusb_inited
                0x000000001000adbc        0x8 CMakeFiles/cube_robot.dir/home/wang/pico2/pico-sdk/lib/tinyusb/src/tusb.c.obj
                0x000000001000adbc                tusb_inited
 .text.tu_edpt_claim
                0x000000001000adc4       0x50 CMakeFiles/cube_robot.dir/home/wang/pico2/pico-sdk/lib/tinyusb/src/tusb.c.obj
                0x000000001000adc4                tu_edpt_claim
 .text.tu_edpt_release
                0x000000001000ae14       0x38 CMakeFiles/cube_robot.dir/home/wang/pico2/pico-sdk/lib/tinyusb/src/tusb.c.obj
                0x000000001000ae14                tu_edpt_release
 .text.tu_edpt_validate
                0x000000001000ae4c       0x78 CMakeFiles/cube_robot.dir/home/wang/pico2/pico-sdk/lib/tinyusb/src/tusb.c.obj
                0x000000001000ae4c                tu_edpt_validate
 .text.tu_edpt_bind_driver
                0x000000001000aec4       0x34 CMakeFiles/cube_robot.dir/home/wang/pico2/pico-sdk/lib/tinyusb/src/tusb.c.obj
                0x000000001000aec4                tu_edpt_bind_driver
 .text.tu_fifo_config
                0x000000001000aef8       0x70 CMakeFiles/cube_robot.dir/home/wang/pico2/pico-sdk/lib/tinyusb/src/common/tusb_fifo.c.obj
                0x000000001000aef8                tu_fifo_config
 .text.tu_fifo_count
                0x000000001000af68       0x2c CMakeFiles/cube_robot.dir/home/wang/pico2/pico-sdk/lib/tinyusb/src/common/tusb_fifo.c.obj
                0x000000001000af68                tu_fifo_count
 .text.tu_fifo_empty
                0x000000001000af94       0x10 CMakeFiles/cube_robot.dir/home/wang/pico2/pico-sdk/lib/tinyusb/src/common/tusb_fifo.c.obj
                0x000000001000af94                tu_fifo_empty
 .text.tu_fifo_remaining
                0x000000001000afa4       0x2c CMakeFiles/cube_robot.dir/home/wang/pico2/pico-sdk/lib/tinyusb/src/common/tusb_fifo.c.obj
                0x000000001000afa4                tu_fifo_remaining
 .text.tu_fifo_read
                0x000000001000afd0       0xa0 CMakeFiles/cube_robot.dir/home/wang/pico2/pico-sdk/lib/tinyusb/src/common/tusb_fifo.c.obj
                0x000000001000afd0                tu_fifo_read
 .text.tu_fifo_read_n
                0x000000001000b070       0xec CMakeFiles/cube_robot.dir/home/wang/pico2/pico-sdk/lib/tinyusb/src/common/tusb_fifo.c.obj
                0x000000001000b070                tu_fifo_read_n
 .text.tu_fifo_write
                0x000000001000b15c       0x88 CMakeFiles/cube_robot.dir/home/wang/pico2/pico-sdk/lib/tinyusb/src/common/tusb_fifo.c.obj
                0x000000001000b15c                tu_fifo_write
 .text.tu_fifo_write_n
                0x000000001000b1e4      0x168 CMakeFiles/cube_robot.dir/home/wang/pico2/pico-sdk/lib/tinyusb/src/common/tusb_fifo.c.obj
                0x000000001000b1e4                tu_fifo_write_n
 .text.tu_fifo_clear
                0x000000001000b34c       0x40 CMakeFiles/cube_robot.dir/home/wang/pico2/pico-sdk/lib/tinyusb/src/common/tusb_fifo.c.obj
                0x000000001000b34c                tu_fifo_clear
 .text.tu_fifo_set_overwritable
                0x000000001000b38c       0x48 CMakeFiles/cube_robot.dir/home/wang/pico2/pico-sdk/lib/tinyusb/src/common/tusb_fifo.c.obj
                0x000000001000b38c                tu_fifo_set_overwritable
 .text.core1_trampoline
                0x000000001000b3d4        0x4 CMakeFiles/cube_robot.dir/home/wang/pico2/pico-sdk/src/rp2_common/pico_multicore/multicore.c.obj
 .text.core1_wrapper
                0x000000001000b3d8        0xc CMakeFiles/cube_robot.dir/home/wang/pico2/pico-sdk/src/rp2_common/pico_multicore/multicore.c.obj
                0x000000001000b3d8                core1_wrapper
 .text.multicore_fifo_push_blocking
                0x000000001000b3e4       0x14 CMakeFiles/cube_robot.dir/home/wang/pico2/pico-sdk/src/rp2_common/pico_multicore/multicore.c.obj
                0x000000001000b3e4                multicore_fifo_push_blocking
 .text.multicore_fifo_pop_blocking
                0x000000001000b3f8       0x1c CMakeFiles/cube_robot.dir/home/wang/pico2/pico-sdk/src/rp2_common/pico_multicore/multicore.c.obj
                0x000000001000b3f8                multicore_fifo_pop_blocking
 .text.multicore_launch_core1_raw
                0x000000001000b414       0x84 CMakeFiles/cube_robot.dir/home/wang/pico2/pico-sdk/src/rp2_common/pico_multicore/multicore.c.obj
                0x000000001000b414                multicore_launch_core1_raw
 .text.multicore_launch_core1
                0x000000001000b498       0x4c CMakeFiles/cube_robot.dir/home/wang/pico2/pico-sdk/src/rp2_common/pico_multicore/multicore.c.obj
                0x000000001000b498                multicore_launch_core1
 .text._calloc_r
                0x000000001000b4e4       0x9c /opt/gcc-arm-none-eabi-10.3-2021.10/bin/../lib/gcc/arm-none-eabi/10.3.1/../../../../arm-none-eabi/lib/thumb/v6-m/nofp/libc.a(lib_a-callocr.o)
                0x000000001000b4e4                _calloc_r
 .text.__errno  0x000000001000b580        0xc /opt/gcc-arm-none-eabi-10.3-2021.10/bin/../lib/gcc/arm-none-eabi/10.3.1/../../../../arm-none-eabi/lib/thumb/v6-m/nofp/libc.a(lib_a-errno.o)
                0x000000001000b580                __errno
 .text._malloc_r
                0x000000001000b58c      0x584 /opt/gcc-arm-none-eabi-10.3-2021.10/bin/../lib/gcc/arm-none-eabi/10.3.1/../../../../arm-none-eabi/lib/thumb/v6-m/nofp/libc.a(lib_a-mallocr.o)
                0x000000001000b58c                _malloc_r
 .text.__malloc_lock
                0x000000001000bb10       0x10 /opt/gcc-arm-none-eabi-10.3-2021.10/bin/../lib/gcc/arm-none-eabi/10.3.1/../../../../arm-none-eabi/lib/thumb/v6-m/nofp/libc.a(lib_a-mlock.o)
                0x000000001000bb10                __malloc_lock
 .text.__malloc_unlock
                0x000000001000bb20       0x10 /opt/gcc-arm-none-eabi-10.3-2021.10/bin/../lib/gcc/arm-none-eabi/10.3.1/../../../../arm-none-eabi/lib/thumb/v6-m/nofp/libc.a(lib_a-mlock.o)
                0x000000001000bb20                __malloc_unlock
 .text._realloc_r
                0x000000001000bb30      0x354 /opt/gcc-arm-none-eabi-10.3-2021.10/bin/../lib/gcc/arm-none-eabi/10.3.1/../../../../arm-none-eabi/lib/thumb/v6-m/nofp/libc.a(lib_a-reallocr.o)
                0x000000001000bb30                _realloc_r
 .text._sbrk_r  0x000000001000be84       0x24 /opt/gcc-arm-none-eabi-10.3-2021.10/bin/../lib/gcc/arm-none-eabi/10.3.1/../../../../arm-none-eabi/lib/thumb/v6-m/nofp/libc.a(lib_a-sbrkr.o)
                0x000000001000be84                _sbrk_r
 .text.strlen   0x000000001000bea8       0x5c /opt/gcc-arm-none-eabi-10.3-2021.10/bin/../lib/gcc/arm-none-eabi/10.3.1/../../../../arm-none-eabi/lib/thumb/v6-m/nofp/libc.a(lib_a-strlen-stub.o)
                0x000000001000bea8                strlen
 .text.vsprintf
                0x000000001000bf04       0x38 /opt/gcc-arm-none-eabi-10.3-2021.10/bin/../lib/gcc/arm-none-eabi/10.3.1/../../../../arm-none-eabi/lib/thumb/v6-m/nofp/libc.a(lib_a-vsprintf.o)
                0x000000001000bf04                vsprintf
 .text._malloc_trim_r
                0x000000001000bf3c       0x9c /opt/gcc-arm-none-eabi-10.3-2021.10/bin/../lib/gcc/arm-none-eabi/10.3.1/../../../../arm-none-eabi/lib/thumb/v6-m/nofp/libc.a(lib_a-freer.o)
                0x000000001000bf3c                _malloc_trim_r
 .text._free_r  0x000000001000bfd8      0x1c4 /opt/gcc-arm-none-eabi-10.3-2021.10/bin/../lib/gcc/arm-none-eabi/10.3.1/../../../../arm-none-eabi/lib/thumb/v6-m/nofp/libc.a(lib_a-freer.o)
                0x000000001000bfd8                _free_r
 .text.__retarget_lock_acquire_recursive
                0x000000001000c19c        0x4 /opt/gcc-arm-none-eabi-10.3-2021.10/bin/../lib/gcc/arm-none-eabi/10.3.1/../../../../arm-none-eabi/lib/thumb/v6-m/nofp/libc.a(lib_a-lock.o)
                0x000000001000c19c                __retarget_lock_acquire_recursive
 .text.__retarget_lock_release_recursive
                0x000000001000c1a0        0x4 /opt/gcc-arm-none-eabi-10.3-2021.10/bin/../lib/gcc/arm-none-eabi/10.3.1/../../../../arm-none-eabi/lib/thumb/v6-m/nofp/libc.a(lib_a-lock.o)
                0x000000001000c1a0                __retarget_lock_release_recursive
 .text._svfprintf_r
                0x000000001000c1a4     0x1bd4 /opt/gcc-arm-none-eabi-10.3-2021.10/bin/../lib/gcc/arm-none-eabi/10.3.1/../../../../arm-none-eabi/lib/thumb/v6-m/nofp/libc.a(lib_a-svfprintf.o)
                0x000000001000c1a4                _svfprintf_r
 .text.quorem   0x000000001000dd78      0x148 /opt/gcc-arm-none-eabi-10.3-2021.10/bin/../lib/gcc/arm-none-eabi/10.3.1/../../../../arm-none-eabi/lib/thumb/v6-m/nofp/libc.a(lib_a-dtoa.o)
 .text._dtoa_r  0x000000001000dec0      0xfbc /opt/gcc-arm-none-eabi-10.3-2021.10/bin/../lib/gcc/arm-none-eabi/10.3.1/../../../../arm-none-eabi/lib/thumb/v6-m/nofp/libc.a(lib_a-dtoa.o)
                0x000000001000dec0                _dtoa_r
 .text._localeconv_r
                0x000000001000ee7c        0x8 /opt/gcc-arm-none-eabi-10.3-2021.10/bin/../lib/gcc/arm-none-eabi/10.3.1/../../../../arm-none-eabi/lib/thumb/v6-m/nofp/libc.a(lib_a-localeconv.o)
                0x000000001000ee7c                _localeconv_r
 .text._Balloc  0x000000001000ee84       0x50 /opt/gcc-arm-none-eabi-10.3-2021.10/bin/../lib/gcc/arm-none-eabi/10.3.1/../../../../arm-none-eabi/lib/thumb/v6-m/nofp/libc.a(lib_a-mprec.o)
                0x000000001000ee84                _Balloc
 .text._Bfree   0x000000001000eed4       0x14 /opt/gcc-arm-none-eabi-10.3-2021.10/bin/../lib/gcc/arm-none-eabi/10.3.1/../../../../arm-none-eabi/lib/thumb/v6-m/nofp/libc.a(lib_a-mprec.o)
                0x000000001000eed4                _Bfree
 .text.__multadd
                0x000000001000eee8       0xa8 /opt/gcc-arm-none-eabi-10.3-2021.10/bin/../lib/gcc/arm-none-eabi/10.3.1/../../../../arm-none-eabi/lib/thumb/v6-m/nofp/libc.a(lib_a-mprec.o)
                0x000000001000eee8                __multadd
 .text.__hi0bits
                0x000000001000ef90       0x38 /opt/gcc-arm-none-eabi-10.3-2021.10/bin/../lib/gcc/arm-none-eabi/10.3.1/../../../../arm-none-eabi/lib/thumb/v6-m/nofp/libc.a(lib_a-mprec.o)
                0x000000001000ef90                __hi0bits
 .text.__lo0bits
                0x000000001000efc8       0x5c /opt/gcc-arm-none-eabi-10.3-2021.10/bin/../lib/gcc/arm-none-eabi/10.3.1/../../../../arm-none-eabi/lib/thumb/v6-m/nofp/libc.a(lib_a-mprec.o)
                0x000000001000efc8                __lo0bits
 .text.__i2b    0x000000001000f024       0x60 /opt/gcc-arm-none-eabi-10.3-2021.10/bin/../lib/gcc/arm-none-eabi/10.3.1/../../../../arm-none-eabi/lib/thumb/v6-m/nofp/libc.a(lib_a-mprec.o)
                0x000000001000f024                __i2b
 .text.__multiply
                0x000000001000f084      0x1a4 /opt/gcc-arm-none-eabi-10.3-2021.10/bin/../lib/gcc/arm-none-eabi/10.3.1/../../../../arm-none-eabi/lib/thumb/v6-m/nofp/libc.a(lib_a-mprec.o)
                0x000000001000f084                __multiply
 .text.__pow5mult
                0x000000001000f228       0xd8 /opt/gcc-arm-none-eabi-10.3-2021.10/bin/../lib/gcc/arm-none-eabi/10.3.1/../../../../arm-none-eabi/lib/thumb/v6-m/nofp/libc.a(lib_a-mprec.o)
                0x000000001000f228                __pow5mult
 .text.__lshift
                0x000000001000f300       0xfc /opt/gcc-arm-none-eabi-10.3-2021.10/bin/../lib/gcc/arm-none-eabi/10.3.1/../../../../arm-none-eabi/lib/thumb/v6-m/nofp/libc.a(lib_a-mprec.o)
                0x000000001000f300                __lshift
 .text.__mcmp   0x000000001000f3fc       0x34 /opt/gcc-arm-none-eabi-10.3-2021.10/bin/../lib/gcc/arm-none-eabi/10.3.1/../../../../arm-none-eabi/lib/thumb/v6-m/nofp/libc.a(lib_a-mprec.o)
                0x000000001000f3fc                __mcmp
 .text.__mdiff  0x000000001000f430      0x18c /opt/gcc-arm-none-eabi-10.3-2021.10/bin/../lib/gcc/arm-none-eabi/10.3.1/../../../../arm-none-eabi/lib/thumb/v6-m/nofp/libc.a(lib_a-mprec.o)
                0x000000001000f430                __mdiff
 .text.__d2b    0x000000001000f5bc       0xd8 /opt/gcc-arm-none-eabi-10.3-2021.10/bin/../lib/gcc/arm-none-eabi/10.3.1/../../../../arm-none-eabi/lib/thumb/v6-m/nofp/libc.a(lib_a-mprec.o)
                0x000000001000f5bc                __d2b
 .text.frexp    0x000000001000f694       0x64 /opt/gcc-arm-none-eabi-10.3-2021.10/bin/../lib/gcc/arm-none-eabi/10.3.1/../../../../arm-none-eabi/lib/thumb/v6-m/nofp/libc.a(lib_a-s_frexp.o)
                0x000000001000f694                frexp
 .text.strncpy  0x000000001000f6f8       0x6c /opt/gcc-arm-none-eabi-10.3-2021.10/bin/../lib/gcc/arm-none-eabi/10.3.1/../../../../arm-none-eabi/lib/thumb/v6-m/nofp/libc.a(lib_a-strncpy.o)
                0x000000001000f6f8                strncpy
 .text.__ssprint_r
                0x000000001000f764      0x114 /opt/gcc-arm-none-eabi-10.3-2021.10/bin/../lib/gcc/arm-none-eabi/10.3.1/../../../../arm-none-eabi/lib/thumb/v6-m/nofp/libc.a(lib_a-svfiprintf.o)
                0x000000001000f764                __ssprint_r
 .text.__ascii_mbtowc
                0x000000001000f878       0x2c /opt/gcc-arm-none-eabi-10.3-2021.10/bin/../lib/gcc/arm-none-eabi/10.3.1/../../../../arm-none-eabi/lib/thumb/v6-m/nofp/libc.a(lib_a-mbtowc_r.o)
                0x000000001000f878                __ascii_mbtowc
 .text.__ascii_wctomb
                0x000000001000f8a4       0x1c /opt/gcc-arm-none-eabi-10.3-2021.10/bin/../lib/gcc/arm-none-eabi/10.3.1/../../../../arm-none-eabi/lib/thumb/v6-m/nofp/libc.a(lib_a-wctomb_r.o)
                0x000000001000f8a4                __ascii_wctomb
 *(.fini)
 .fini          0x000000001000f8c0        0x4 /opt/gcc-arm-none-eabi-10.3-2021.10/bin/../lib/gcc/arm-none-eabi/10.3.1/thumb/v6-m/nofp/crti.o
                0x000000001000f8c0                _fini
 *fill*         0x000000001000f8c4        0x4 
 .fini.__stub   0x000000001000f8c8       0xf0 linker stubs
 *crtbegin.o(.ctors)
 *crtbegin?.o(.ctors)
 *(EXCLUDE_FILE(*crtend.o *crtend?.o) .ctors)
 *(SORT_BY_NAME(.ctors.*))
 *(.ctors)
 *crtbegin.o(.dtors)
 *crtbegin?.o(.dtors)
 *(EXCLUDE_FILE(*crtend.o *crtend?.o) .dtors)
 *(SORT_BY_NAME(.dtors.*))
 *(.dtors)
 *(.eh_frame*)
 .eh_frame      0x000000001000f9b8        0x0 /opt/gcc-arm-none-eabi-10.3-2021.10/bin/../lib/gcc/arm-none-eabi/10.3.1/thumb/v6-m/nofp/crtbegin.o
                0x000000001000f9b8                . = ALIGN (0x4)

.glue_7         0x000000001000f9b8        0x0
 .glue_7        0x000000001000f9b8        0x0 linker stubs

.glue_7t        0x000000001000f9b8        0x0
 .glue_7t       0x000000001000f9b8        0x0 linker stubs

.vfp11_veneer   0x000000001000f9b8        0x0
 .vfp11_veneer  0x000000001000f9b8        0x0 linker stubs

.v4_bx          0x000000001000f9b8        0x0
 .v4_bx         0x000000001000f9b8        0x0 linker stubs

.iplt           0x000000001000f9b8        0x0
 .iplt          0x000000001000f9b8        0x0 /opt/gcc-arm-none-eabi-10.3-2021.10/bin/../lib/gcc/arm-none-eabi/10.3.1/thumb/v6-m/nofp/crtbegin.o

.rodata         0x000000001000f9b8    0xda8dc
 *(EXCLUDE_FILE(*libm.a: *libc.a:*lib_a-mem*.o *libgcc.a:) .rodata*)
 .rodata.cube_tweak_str.str1.4
                0x000000001000f9b8       0x25 CMakeFiles/cube_robot.dir/cube_robot.c.obj
 *fill*         0x000000001000f9dd        0x3 
 .rodata.main.str1.4
                0x000000001000f9e0      0x106 CMakeFiles/cube_robot.dir/cube_robot.c.obj
 *fill*         0x000000001000fae6        0x2 
 .rodata        0x000000001000fae8      0x12b CMakeFiles/cube_robot.dir/cube_robot.c.obj
 *fill*         0x000000001000fc13        0x1 
 .rodata.i2c_gpio
                0x000000001000fc14       0x10 CMakeFiles/cube_robot.dir/cube_robot.c.obj
                0x000000001000fc14                i2c_gpio
 .rodata.color_detect.str1.4
                0x000000001000fc24       0x15 CMakeFiles/cube_robot.dir/color_detect.c.obj
 *fill*         0x000000001000fc39        0x3 
 .rodata.G0_tab
                0x000000001000fc3c      0x400 CMakeFiles/cube_robot.dir/prun_table.c.obj
                0x000000001000fc3c                G0_tab
 .rodata.G1_tab
                0x000000001001003c    0x84263 CMakeFiles/cube_robot.dir/prun_table.c.obj
                0x000000001001003c                G1_tab
 *fill*         0x000000001009429f        0x1 
 .rodata.G2_tab
                0x00000000100942a0     0x396c CMakeFiles/cube_robot.dir/prun_table.c.obj
                0x00000000100942a0                G2_tab
 .rodata.G3_tab
                0x0000000010097c0c    0x51000 CMakeFiles/cube_robot.dir/prun_table.c.obj
                0x0000000010097c0c                G3_tab
 .rodata.CSWTCH.44
                0x00000000100e8c0c        0xc CMakeFiles/cube_robot.dir/solve.c.obj
 .rodata.G0_allow
                0x00000000100e8c18       0x12 CMakeFiles/cube_robot.dir/solve.c.obj
                0x00000000100e8c18                G0_allow
 *fill*         0x00000000100e8c2a        0x2 
 .rodata.G1_allow
                0x00000000100e8c2c        0xe CMakeFiles/cube_robot.dir/solve.c.obj
                0x00000000100e8c2c                G1_allow
 *fill*         0x00000000100e8c3a        0x2 
 .rodata.G2_allow
                0x00000000100e8c3c        0xa CMakeFiles/cube_robot.dir/solve.c.obj
                0x00000000100e8c3c                G2_allow
 *fill*         0x00000000100e8c46        0x2 
 .rodata.G3_allow
                0x00000000100e8c48        0x6 CMakeFiles/cube_robot.dir/solve.c.obj
                0x00000000100e8c48                G3_allow
 *fill*         0x00000000100e8c4e        0x2 
 .rodata.corner_index
                0x00000000100e8c50       0x48 CMakeFiles/cube_robot.dir/solve.c.obj
                0x00000000100e8c50                corner_index
 .rodata.corner_to_face
                0x00000000100e8c98       0x18 CMakeFiles/cube_robot.dir/solve.c.obj
                0x00000000100e8c98                corner_to_face
 .rodata.edge_index
                0x00000000100e8cb0       0x30 CMakeFiles/cube_robot.dir/solve.c.obj
                0x00000000100e8cb0                edge_index
 .rodata.edge_to_face
                0x00000000100e8ce0       0x18 CMakeFiles/cube_robot.dir/solve.c.obj
                0x00000000100e8ce0                edge_to_face
 .rodata.route_index
                0x00000000100e8cf8       0x36 CMakeFiles/cube_robot.dir/solve.c.obj
                0x00000000100e8cf8                route_index
 *fill*         0x00000000100e8d2e        0x2 
 .rodata.route_tab_cp
                0x00000000100e8d30       0x90 CMakeFiles/cube_robot.dir/solve.c.obj
                0x00000000100e8d30                route_tab_cp
 .rodata.route_tab_cr
                0x00000000100e8dc0       0x90 CMakeFiles/cube_robot.dir/solve.c.obj
                0x00000000100e8dc0                route_tab_cr
 .rodata.route_tab_ep
                0x00000000100e8e50       0xd8 CMakeFiles/cube_robot.dir/solve.c.obj
                0x00000000100e8e50                route_tab_ep
 .rodata.route_tab_er
                0x00000000100e8f28       0xd8 CMakeFiles/cube_robot.dir/solve.c.obj
                0x00000000100e8f28                route_tab_er
 .rodata.OLED_F6x8
                0x00000000100e9000      0x23a CMakeFiles/cube_robot.dir/OLED_Data.c.obj
                0x00000000100e9000                OLED_F6x8
 *fill*         0x00000000100e923a        0x2 
 .rodata.OLED_F8x16
                0x00000000100e923c      0x5f0 CMakeFiles/cube_robot.dir/OLED_Data.c.obj
                0x00000000100e923c                OLED_F8x16
 .rodata.spin_lock_claim_unused.str1.4
                0x00000000100e982c       0x1b CMakeFiles/cube_robot.dir/home/wang/pico2/pico-sdk/src/rp2_common/hardware_sync/sync.c.obj
 *fill*         0x00000000100e9847        0x1 
 .rodata.user_irq_claim_unused.str1.4
                0x00000000100e9848       0x1b CMakeFiles/cube_robot.dir/home/wang/pico2/pico-sdk/src/rp2_common/hardware_irq/irq.c.obj
 *fill*         0x00000000100e9863        0x1 
 .rodata.hardware_alarm_claim.str1.4
                0x00000000100e9864       0x22 CMakeFiles/cube_robot.dir/home/wang/pico2/pico-sdk/src/rp2_common/hardware_timer/timer.c.obj
 *fill*         0x00000000100e9886        0x2 
 .rodata.__assert_func.str1.4
                0x00000000100e9888       0x3f CMakeFiles/cube_robot.dir/home/wang/pico2/pico-sdk/src/rp2_common/pico_runtime/runtime.c.obj
                                         0x43 (size before relaxing)
 *fill*         0x00000000100e98c7        0x1 
 .rodata.panic.str1.4
                0x00000000100e98c8       0x10 CMakeFiles/cube_robot.dir/home/wang/pico2/pico-sdk/src/rp2_common/pico_runtime/runtime.c.obj
                                         0x12 (size before relaxing)
 .rodata.hard_assertion_failure.str1.4
                0x00000000100e98d8        0xc CMakeFiles/cube_robot.dir/home/wang/pico2/pico-sdk/src/rp2_common/pico_runtime/runtime.c.obj
 .rodata._ftoa.str1.4
                0x00000000100e98e4       0x15 CMakeFiles/cube_robot.dir/home/wang/pico2/pico-sdk/src/rp2_common/pico_printf/printf.c.obj
 *fill*         0x00000000100e98f9        0x3 
 .rodata._vsnprintf
                0x00000000100e98fc      0x1e0 CMakeFiles/cube_robot.dir/home/wang/pico2/pico-sdk/src/rp2_common/pico_printf/printf.c.obj
 *fill*         0x00000000100e9adc        0x4 
 .rodata.pow10.0
                0x00000000100e9ae0       0x50 CMakeFiles/cube_robot.dir/home/wang/pico2/pico-sdk/src/rp2_common/pico_printf/printf.c.obj
 .rodata.str1.4
                0x00000000100e9b30       0x44 CMakeFiles/cube_robot.dir/home/wang/pico2/pico-sdk/src/rp2_common/pico_standard_link/binary_info.c.obj
 .rodata.__bi_44
                0x00000000100e9b74        0xc CMakeFiles/cube_robot.dir/home/wang/pico2/pico-sdk/src/rp2_common/pico_standard_link/binary_info.c.obj
 .rodata.__bi_56
                0x00000000100e9b80        0xc CMakeFiles/cube_robot.dir/home/wang/pico2/pico-sdk/src/rp2_common/pico_standard_link/binary_info.c.obj
 .rodata.__bi_75
                0x00000000100e9b8c        0xc CMakeFiles/cube_robot.dir/home/wang/pico2/pico-sdk/src/rp2_common/pico_standard_link/binary_info.c.obj
 .rodata.__bi_81
                0x00000000100e9b98        0xc CMakeFiles/cube_robot.dir/home/wang/pico2/pico-sdk/src/rp2_common/pico_standard_link/binary_info.c.obj
 .rodata.crlf_str.0
                0x00000000100e9ba4        0x2 CMakeFiles/cube_robot.dir/home/wang/pico2/pico-sdk/src/rp2_common/pico_stdio/stdio.c.obj
 *fill*         0x00000000100e9ba6        0x2 
 .rodata._resetd_driver
                0x00000000100e9ba8       0x18 CMakeFiles/cube_robot.dir/home/wang/pico2/pico-sdk/src/rp2_common/pico_stdio_usb/reset_interface.c.obj
 .rodata.str1.4
                0x00000000100e9bc0       0x13 CMakeFiles/cube_robot.dir/home/wang/pico2/pico-sdk/src/rp2_common/pico_stdio_usb/stdio_usb.c.obj
 *fill*         0x00000000100e9bd3        0x1 
 .rodata.__bi_182.0
                0x00000000100e9bd4        0xc CMakeFiles/cube_robot.dir/home/wang/pico2/pico-sdk/src/rp2_common/pico_stdio_usb/stdio_usb.c.obj
 .rodata.str1.4
                0x00000000100e9be0       0x2a CMakeFiles/cube_robot.dir/home/wang/pico2/pico-sdk/src/rp2_common/pico_stdio_usb/stdio_usb_descriptors.c.obj
 *fill*         0x00000000100e9c0a        0x2 
 .rodata.usbd_desc_cfg
                0x00000000100e9c0c       0x54 CMakeFiles/cube_robot.dir/home/wang/pico2/pico-sdk/src/rp2_common/pico_stdio_usb/stdio_usb_descriptors.c.obj
 .rodata.usbd_desc_device
                0x00000000100e9c60       0x12 CMakeFiles/cube_robot.dir/home/wang/pico2/pico-sdk/src/rp2_common/pico_stdio_usb/stdio_usb_descriptors.c.obj
 *fill*         0x00000000100e9c72        0x2 
 .rodata.usbd_desc_str
                0x00000000100e9c74       0x18 CMakeFiles/cube_robot.dir/home/wang/pico2/pico-sdk/src/rp2_common/pico_stdio_usb/stdio_usb_descriptors.c.obj
 .rodata.str1.4
                0x00000000100e9c8c       0x14 CMakeFiles/cube_robot.dir/home/wang/pico2/pico-sdk/lib/tinyusb/src/portable/raspberrypi/rp2040/dcd_rp2040.c.obj
 .rodata.str1.4
                0x00000000100e9ca0       0x53 CMakeFiles/cube_robot.dir/home/wang/pico2/pico-sdk/lib/tinyusb/src/portable/raspberrypi/rp2040/rp2040_usb.c.obj
 *fill*         0x00000000100e9cf3        0x1 
 .rodata.tud_task_ext
                0x00000000100e9cf4       0x8c CMakeFiles/cube_robot.dir/home/wang/pico2/pico-sdk/lib/tinyusb/src/device/usbd.c.obj
 .rodata._usbd_driver
                0x00000000100e9d80       0x18 CMakeFiles/cube_robot.dir/home/wang/pico2/pico-sdk/lib/tinyusb/src/device/usbd.c.obj
 .rodata._svfprintf_r.str1.4
                0x00000000100e9d98       0x3b /opt/gcc-arm-none-eabi-10.3-2021.10/bin/../lib/gcc/arm-none-eabi/10.3.1/../../../../arm-none-eabi/lib/thumb/v6-m/nofp/libc.a(lib_a-svfprintf.o)
                                         0x42 (size before relaxing)
 *fill*         0x00000000100e9dd3        0x1 
 .rodata._svfprintf_r
                0x00000000100e9dd4      0x16c /opt/gcc-arm-none-eabi-10.3-2021.10/bin/../lib/gcc/arm-none-eabi/10.3.1/../../../../arm-none-eabi/lib/thumb/v6-m/nofp/libc.a(lib_a-svfprintf.o)
 .rodata.blanks.1
                0x00000000100e9f40       0x10 /opt/gcc-arm-none-eabi-10.3-2021.10/bin/../lib/gcc/arm-none-eabi/10.3.1/../../../../arm-none-eabi/lib/thumb/v6-m/nofp/libc.a(lib_a-svfprintf.o)
 .rodata.zeroes.0
                0x00000000100e9f50       0x10 /opt/gcc-arm-none-eabi-10.3-2021.10/bin/../lib/gcc/arm-none-eabi/10.3.1/../../../../arm-none-eabi/lib/thumb/v6-m/nofp/libc.a(lib_a-svfprintf.o)
 .rodata._dtoa_r.str1.4
                0x00000000100e9f60       0xa2 /opt/gcc-arm-none-eabi-10.3-2021.10/bin/../lib/gcc/arm-none-eabi/10.3.1/../../../../arm-none-eabi/lib/thumb/v6-m/nofp/libc.a(lib_a-dtoa.o)
                                         0xa6 (size before relaxing)
 *fill*         0x00000000100ea002        0x2 
 .rodata.__multadd.str1.4
                0x00000000100ea004       0x7f /opt/gcc-arm-none-eabi-10.3-2021.10/bin/../lib/gcc/arm-none-eabi/10.3.1/../../../../arm-none-eabi/lib/thumb/v6-m/nofp/libc.a(lib_a-mprec.o)
                                         0x93 (size before relaxing)
 *fill*         0x00000000100ea083        0x5 
 .rodata.__mprec_bigtens
                0x00000000100ea088       0x28 /opt/gcc-arm-none-eabi-10.3-2021.10/bin/../lib/gcc/arm-none-eabi/10.3.1/../../../../arm-none-eabi/lib/thumb/v6-m/nofp/libc.a(lib_a-mprec.o)
                0x00000000100ea088                __mprec_bigtens
 .rodata.__mprec_tens
                0x00000000100ea0b0       0xc8 /opt/gcc-arm-none-eabi-10.3-2021.10/bin/../lib/gcc/arm-none-eabi/10.3.1/../../../../arm-none-eabi/lib/thumb/v6-m/nofp/libc.a(lib_a-mprec.o)
                0x00000000100ea0b0                __mprec_tens
 .rodata.p05.0  0x00000000100ea178        0xc /opt/gcc-arm-none-eabi-10.3-2021.10/bin/../lib/gcc/arm-none-eabi/10.3.1/../../../../arm-none-eabi/lib/thumb/v6-m/nofp/libc.a(lib_a-mprec.o)
 .rodata._setlocale_r.str1.4
                0x00000000100ea184        0x6 /opt/gcc-arm-none-eabi-10.3-2021.10/bin/../lib/gcc/arm-none-eabi/10.3.1/../../../../arm-none-eabi/lib/thumb/v6-m/nofp/libc.a(lib_a-locale.o)
                                          0xd (size before relaxing)
 *fill*         0x00000000100ea18a        0x2 
 .rodata.str1.4
                0x00000000100ea18c        0x2 /opt/gcc-arm-none-eabi-10.3-2021.10/bin/../lib/gcc/arm-none-eabi/10.3.1/../../../../arm-none-eabi/lib/thumb/v6-m/nofp/libc.a(lib_a-locale.o)
 *fill*         0x00000000100ea18e        0x2 
 .rodata._ctype_
                0x00000000100ea190      0x101 /opt/gcc-arm-none-eabi-10.3-2021.10/bin/../lib/gcc/arm-none-eabi/10.3.1/../../../../arm-none-eabi/lib/thumb/v6-m/nofp/libc.a(lib_a-ctype_.o)
                0x00000000100ea190                _ctype_
                0x00000000100ea294                . = ALIGN (0x4)
 *fill*         0x00000000100ea291        0x3 
 *(SORT_BY_ALIGNMENT(SORT_BY_NAME(.flashdata*)))
                0x00000000100ea294                . = ALIGN (0x4)

.ARM.extab
 *(.ARM.extab* .gnu.linkonce.armextab.*)
                0x00000000100ea294                __exidx_start = .

.ARM.exidx
 *(.ARM.exidx* .gnu.linkonce.armexidx.*)
                0x00000000100ea294                __exidx_end = .
                0x00000000100ea294                . = ALIGN (0x4)
                0x00000000100ea294                __binary_info_start = .

.binary_info    0x00000000100ea294       0x24
 *(.binary_info.keep.*)
 .binary_info.keep.__bi_ptr22
                0x00000000100ea294        0x4 CMakeFiles/cube_robot.dir/home/wang/pico2/pico-sdk/src/rp2_common/pico_standard_link/binary_info.c.obj
 .binary_info.keep.__bi_ptr30
                0x00000000100ea298        0x4 CMakeFiles/cube_robot.dir/home/wang/pico2/pico-sdk/src/rp2_common/pico_standard_link/binary_info.c.obj
 .binary_info.keep.__bi_ptr38
                0x00000000100ea29c        0x4 CMakeFiles/cube_robot.dir/home/wang/pico2/pico-sdk/src/rp2_common/pico_standard_link/binary_info.c.obj
 .binary_info.keep.__bi_ptr44
                0x00000000100ea2a0        0x4 CMakeFiles/cube_robot.dir/home/wang/pico2/pico-sdk/src/rp2_common/pico_standard_link/binary_info.c.obj
 .binary_info.keep.__bi_ptr50
                0x00000000100ea2a4        0x4 CMakeFiles/cube_robot.dir/home/wang/pico2/pico-sdk/src/rp2_common/pico_standard_link/binary_info.c.obj
 .binary_info.keep.__bi_ptr56
                0x00000000100ea2a8        0x4 CMakeFiles/cube_robot.dir/home/wang/pico2/pico-sdk/src/rp2_common/pico_standard_link/binary_info.c.obj
 .binary_info.keep.__bi_ptr75
                0x00000000100ea2ac        0x4 CMakeFiles/cube_robot.dir/home/wang/pico2/pico-sdk/src/rp2_common/pico_standard_link/binary_info.c.obj
 .binary_info.keep.__bi_ptr81
                0x00000000100ea2b0        0x4 CMakeFiles/cube_robot.dir/home/wang/pico2/pico-sdk/src/rp2_common/pico_standard_link/binary_info.c.obj
 *(.binary_info.*)
 .binary_info.__bi_ptr182
                0x00000000100ea2b4        0x4 CMakeFiles/cube_robot.dir/home/wang/pico2/pico-sdk/src/rp2_common/pico_stdio_usb/stdio_usb.c.obj
                0x00000000100ea2b8                __binary_info_end = .

.rel.dyn        0x00000000100ea2b8        0x0
 .rel.iplt      0x00000000100ea2b8        0x0 /opt/gcc-arm-none-eabi-10.3-2021.10/bin/../lib/gcc/arm-none-eabi/10.3.1/thumb/v6-m/nofp/crtbegin.o
                0x00000000100ea2b8                . = ALIGN (0x4)

.ram_vector_table
                0x0000000020000000       0xc0
 *(.ram_vector_table)
 .ram_vector_table
                0x0000000020000000       0xc0 CMakeFiles/cube_robot.dir/home/wang/pico2/pico-sdk/src/rp2_common/pico_runtime/runtime.c.obj
                0x0000000020000000                ram_vector_table

.data           0x00000000200000c0     0x1924 load address 0x00000000100ea2b8
                0x00000000200000c0                __data_start__ = .
 *(vtable)
 *(.time_critical*)
 .time_critical.mutex_try_enter
                0x00000000200000c0       0x44 CMakeFiles/cube_robot.dir/home/wang/pico2/pico-sdk/src/common/pico_sync/mutex.c.obj
                0x00000000200000c0                mutex_try_enter
 .time_critical.mutex_try_enter_block_until
                0x0000000020000104       0x9c CMakeFiles/cube_robot.dir/home/wang/pico2/pico-sdk/src/common/pico_sync/mutex.c.obj
                0x0000000020000104                mutex_try_enter_block_until
 .time_critical.mutex_enter_timeout_ms
                0x00000000200001a0       0x90 CMakeFiles/cube_robot.dir/home/wang/pico2/pico-sdk/src/common/pico_sync/mutex.c.obj
                0x00000000200001a0                mutex_enter_timeout_ms
 .time_critical.mutex_exit
                0x0000000020000230       0x28 CMakeFiles/cube_robot.dir/home/wang/pico2/pico-sdk/src/common/pico_sync/mutex.c.obj
                0x0000000020000230                mutex_exit
 .time_critical.flash_init_boot2_copyout
                0x0000000020000258       0x30 CMakeFiles/cube_robot.dir/home/wang/pico2/pico-sdk/src/rp2_common/hardware_flash/flash.c.obj
 .time_critical.flash_enable_xip_via_boot2
                0x0000000020000288       0x10 CMakeFiles/cube_robot.dir/home/wang/pico2/pico-sdk/src/rp2_common/hardware_flash/flash.c.obj
 .time_critical.flash_cs_force
                0x0000000020000298       0x38 CMakeFiles/cube_robot.dir/home/wang/pico2/pico-sdk/src/rp2_common/hardware_flash/flash.c.obj
 .time_critical.flash_do_cmd
                0x00000000200002d0       0xc4 CMakeFiles/cube_robot.dir/home/wang/pico2/pico-sdk/src/rp2_common/hardware_flash/flash.c.obj
                0x00000000200002d0                flash_do_cmd
 .time_critical.reset_non_control_endpoints
                0x0000000020000394       0xbc CMakeFiles/cube_robot.dir/home/wang/pico2/pico-sdk/lib/tinyusb/src/portable/raspberrypi/rp2040/dcd_rp2040.c.obj
 .time_critical.hw_handle_buff_status
                0x0000000020000450       0xa8 CMakeFiles/cube_robot.dir/home/wang/pico2/pico-sdk/lib/tinyusb/src/portable/raspberrypi/rp2040/dcd_rp2040.c.obj
 .time_critical.dcd_rp2040_irq
                0x00000000200004f8      0x4d8 CMakeFiles/cube_robot.dir/home/wang/pico2/pico-sdk/lib/tinyusb/src/portable/raspberrypi/rp2040/dcd_rp2040.c.obj
 .time_critical.e15_is_bulkin_ep
                0x00000000200009d0       0x28 CMakeFiles/cube_robot.dir/home/wang/pico2/pico-sdk/lib/tinyusb/src/portable/raspberrypi/rp2040/rp2040_usb.c.obj
 .time_critical.e15_is_critical_frame_period
                0x00000000200009f8       0x34 CMakeFiles/cube_robot.dir/home/wang/pico2/pico-sdk/lib/tinyusb/src/portable/raspberrypi/rp2040/rp2040_usb.c.obj
 .time_critical.prepare_ep_buffer
                0x0000000020000a2c       0x70 CMakeFiles/cube_robot.dir/home/wang/pico2/pico-sdk/lib/tinyusb/src/portable/raspberrypi/rp2040/rp2040_usb.c.obj
 .time_critical.sync_ep_buffer
                0x0000000020000a9c       0x4c CMakeFiles/cube_robot.dir/home/wang/pico2/pico-sdk/lib/tinyusb/src/portable/raspberrypi/rp2040/rp2040_usb.c.obj
 .time_critical._hw_endpoint_xfer_sync
                0x0000000020000ae8       0x28 CMakeFiles/cube_robot.dir/home/wang/pico2/pico-sdk/lib/tinyusb/src/portable/raspberrypi/rp2040/rp2040_usb.c.obj
 .time_critical.hw_endpoint_reset_transfer
                0x0000000020000b10        0xc CMakeFiles/cube_robot.dir/home/wang/pico2/pico-sdk/lib/tinyusb/src/portable/raspberrypi/rp2040/rp2040_usb.c.obj
                0x0000000020000b10                hw_endpoint_reset_transfer
 .time_critical._hw_endpoint_buffer_control_update32
                0x0000000020000b1c       0x58 CMakeFiles/cube_robot.dir/home/wang/pico2/pico-sdk/lib/tinyusb/src/portable/raspberrypi/rp2040/rp2040_usb.c.obj
                0x0000000020000b1c                _hw_endpoint_buffer_control_update32
 .time_critical.hw_endpoint_start_next_buffer
                0x0000000020000b74       0x6c CMakeFiles/cube_robot.dir/home/wang/pico2/pico-sdk/lib/tinyusb/src/portable/raspberrypi/rp2040/rp2040_usb.c.obj
                0x0000000020000b74                hw_endpoint_start_next_buffer
 .time_critical.hw_endpoint_xfer_continue
                0x0000000020000be0       0x50 CMakeFiles/cube_robot.dir/home/wang/pico2/pico-sdk/lib/tinyusb/src/portable/raspberrypi/rp2040/rp2040_usb.c.obj
                0x0000000020000be0                hw_endpoint_xfer_continue
 .time_critical.tinyusb
                0x0000000020000c30      0x170 CMakeFiles/cube_robot.dir/home/wang/pico2/pico-sdk/lib/tinyusb/src/device/usbd.c.obj
                0x0000000020000c30                dcd_event_handler
 *(.text*)
 .text          0x0000000020000da0        0x4 /opt/gcc-arm-none-eabi-10.3-2021.10/bin/../lib/gcc/arm-none-eabi/10.3.1/thumb/v6-m/nofp/libgcc.a(_dvmd_tls.o)
                0x0000000020000da0                __aeabi_ldiv0
                0x0000000020000da0                __aeabi_idiv0
 .text.memmove  0x0000000020000da4       0xac /opt/gcc-arm-none-eabi-10.3-2021.10/bin/../lib/gcc/arm-none-eabi/10.3.1/../../../../arm-none-eabi/lib/thumb/v6-m/nofp/libc.a(lib_a-memmove.o)
                0x0000000020000da4                memmove
 .text.memchr   0x0000000020000e50       0x74 /opt/gcc-arm-none-eabi-10.3-2021.10/bin/../lib/gcc/arm-none-eabi/10.3.1/../../../../arm-none-eabi/lib/thumb/v6-m/nofp/libc.a(lib_a-memchr-stub.o)
                0x0000000020000e50                memchr
 *fill*         0x0000000020000ec4        0x4 
 .text.memchr.__stub
                0x0000000020000ec8       0x70 linker stubs
                0x0000000020000f38                . = ALIGN (0x4)
 *(.rodata*)
                0x0000000020000f38                . = ALIGN (0x4)
 *(.data*)
 .data.striped_spin_lock_num
                0x0000000020000f38        0x1 CMakeFiles/cube_robot.dir/home/wang/pico2/pico-sdk/src/rp2_common/hardware_sync/sync.c.obj
 *fill*         0x0000000020000f39        0x3 
 .data          0x0000000020000f3c       0x48 CMakeFiles/cube_robot.dir/home/wang/pico2/pico-sdk/src/rp2_common/hardware_irq/irq_handler_chain.S.obj
                0x0000000020000f3c                irq_handler_chain_slots
                0x0000000020000f6c                irq_handler_chain_first_slot
                0x0000000020000f76                irq_handler_chain_remove_tail
 .data.default_alarm_pool
                0x0000000020000f84       0x18 CMakeFiles/cube_robot.dir/home/wang/pico2/pico-sdk/src/common/pico_time/time.c.obj
 .data.default_alarm_pool_heap
                0x0000000020000f9c       0x10 CMakeFiles/cube_robot.dir/home/wang/pico2/pico-sdk/src/common/pico_time/time.c.obj
 *fill*         0x0000000020000fac        0x4 
 .data.aeabi_bits_funcs
                0x0000000020000fb0       0x10 CMakeFiles/cube_robot.dir/home/wang/pico2/pico-sdk/src/rp2_common/pico_bit_ops/bit_ops_aeabi.S.obj
                0x0000000020000fb0                aeabi_bits_funcs
                0x0000000020000fc0                aeabi_bits_funcs_end
 .data.aeabi_mem_funcs
                0x0000000020000fc0       0x10 CMakeFiles/cube_robot.dir/home/wang/pico2/pico-sdk/src/rp2_common/pico_mem_ops/mem_ops_aeabi.S.obj
                0x0000000020000fc0                aeabi_mem_funcs
                0x0000000020000fd0                aeabi_mem_funcs_end
 .data.stdio_usb
                0x0000000020000fd0       0x18 CMakeFiles/cube_robot.dir/home/wang/pico2/pico-sdk/src/rp2_common/pico_stdio_usb/stdio_usb.c.obj
                0x0000000020000fd0                stdio_usb
 .data.ep_dir_string
                0x0000000020000fe8        0x8 CMakeFiles/cube_robot.dir/home/wang/pico2/pico-sdk/lib/tinyusb/src/portable/raspberrypi/rp2040/rp2040_usb.c.obj
                0x0000000020000fe8                ep_dir_string
 .data._usbd_qdef
                0x0000000020000ff0       0x1c CMakeFiles/cube_robot.dir/home/wang/pico2/pico-sdk/lib/tinyusb/src/device/usbd.c.obj
                0x0000000020000ff0                _usbd_qdef
 .data._usbd_rhport
                0x000000002000100c        0x1 CMakeFiles/cube_robot.dir/home/wang/pico2/pico-sdk/lib/tinyusb/src/device/usbd.c.obj
 *fill*         0x000000002000100d        0x3 
 .data._impure_ptr
                0x0000000020001010        0x4 /opt/gcc-arm-none-eabi-10.3-2021.10/bin/../lib/gcc/arm-none-eabi/10.3.1/../../../../arm-none-eabi/lib/thumb/v6-m/nofp/libc.a(lib_a-impure.o)
                0x0000000020001010                _impure_ptr
 *fill*         0x0000000020001014        0x4 
 .data.impure_data
                0x0000000020001018      0x428 /opt/gcc-arm-none-eabi-10.3-2021.10/bin/../lib/gcc/arm-none-eabi/10.3.1/../../../../arm-none-eabi/lib/thumb/v6-m/nofp/libc.a(lib_a-impure.o)
 .data.__malloc_av_
                0x0000000020001440      0x408 /opt/gcc-arm-none-eabi-10.3-2021.10/bin/../lib/gcc/arm-none-eabi/10.3.1/../../../../arm-none-eabi/lib/thumb/v6-m/nofp/libc.a(lib_a-mallocr.o)
                0x0000000020001440                __malloc_av_
 .data.__malloc_sbrk_base
                0x0000000020001848        0x4 /opt/gcc-arm-none-eabi-10.3-2021.10/bin/../lib/gcc/arm-none-eabi/10.3.1/../../../../arm-none-eabi/lib/thumb/v6-m/nofp/libc.a(lib_a-mallocr.o)
                0x0000000020001848                __malloc_sbrk_base
 .data.__malloc_trim_threshold
                0x000000002000184c        0x4 /opt/gcc-arm-none-eabi-10.3-2021.10/bin/../lib/gcc/arm-none-eabi/10.3.1/../../../../arm-none-eabi/lib/thumb/v6-m/nofp/libc.a(lib_a-mallocr.o)
                0x000000002000184c                __malloc_trim_threshold
 .data.__global_locale
                0x0000000020001850      0x16c /opt/gcc-arm-none-eabi-10.3-2021.10/bin/../lib/gcc/arm-none-eabi/10.3.1/../../../../arm-none-eabi/lib/thumb/v6-m/nofp/libc.a(lib_a-locale.o)
                0x0000000020001850                __global_locale
                0x00000000200019bc                . = ALIGN (0x4)
 *(.after_data.*)
                0x00000000200019bc                . = ALIGN (0x4)
                0x00000000200019bc                PROVIDE (__mutex_array_start = .)
 *(SORT_BY_NAME(.mutex_array.*))
 *(.mutex_array)
 .mutex_array   0x00000000200019bc        0x8 CMakeFiles/cube_robot.dir/home/wang/pico2/pico-sdk/src/rp2_common/pico_malloc/pico_malloc.c.obj
 .mutex_array   0x00000000200019c4        0x8 CMakeFiles/cube_robot.dir/home/wang/pico2/pico-sdk/src/rp2_common/pico_stdio/stdio.c.obj
                0x00000000200019cc                PROVIDE (__mutex_array_end = .)
                0x00000000200019cc                . = ALIGN (0x4)
                0x00000000200019cc                PROVIDE (__preinit_array_start = .)
 *(SORT_BY_NAME(.preinit_array.*))
 .preinit_array.00001
                0x00000000200019cc        0x4 CMakeFiles/cube_robot.dir/home/wang/pico2/pico-sdk/src/rp2_common/pico_mem_ops/mem_ops_aeabi.S.obj
 .preinit_array.00010
                0x00000000200019d0        0x4 CMakeFiles/cube_robot.dir/home/wang/pico2/pico-sdk/src/rp2_common/pico_bit_ops/bit_ops_aeabi.S.obj
 .preinit_array.00020
                0x00000000200019d4        0x4 CMakeFiles/cube_robot.dir/home/wang/pico2/pico-sdk/src/rp2_common/pico_double/double_aeabi.S.obj
 .preinit_array.00020
                0x00000000200019d8        0x4 CMakeFiles/cube_robot.dir/home/wang/pico2/pico-sdk/src/rp2_common/pico_float/float_aeabi.S.obj
 *(.preinit_array)
                0x00000000200019dc                PROVIDE (__preinit_array_end = .)